
[1m[30m[46m RUN [49m[39m[22m [36mv4.1.10 [39m[90mC:/Users/silva/OneDrive/git github felipe/SistemaEstoqueSite[39m

[90mstdout[2m | tests/saleService.test.ts[2m > [22m[2mSale Service[2m > [22m[2mcreateSale[2m > [22m[2mshould create a valid sale
[22m[39mcleanupDatabase took 847ms

[90mstdout[2m | tests/saleService.test.ts[2m > [22m[2mSale Service[2m > [22m[2mcreateSale[2m > [22m[2mshould create a valid sale
[22m[39mcleanupDatabase took 1898ms

[90mstdout[2m | tests/saleService.test.ts[2m > [22m[2mSale Service[2m > [22m[2mcreateSale[2m > [22m[2mshould calculate tax correctly
[22m[39mcleanupDatabase took 4ms

[90mstdout[2m | tests/saleService.test.ts[2m > [22m[2mSale Service[2m > [22m[2mcreateSale[2m > [22m[2mshould calculate tax correctly
[22m[39mcleanupDatabase took 1667ms

[90mstdout[2m | tests/saleService.test.ts[2m > [22m[2mSale Service[2m > [22m[2mcreateSale[2m > [22m[2mshould calculate discount correctly
[22m[39mcleanupDatabase took 4ms

[90mstdout[2m | tests/saleService.test.ts[2m > [22m[2mSale Service[2m > [22m[2mcreateSale[2m > [22m[2mshould calculate discount correctly
[22m[39mcleanupDatabase took 1507ms

[90mstdout[2m | tests/saleService.test.ts[2m > [22m[2mSale Service[2m > [22m[2mcreateSale[2m > [22m[2mshould handle both tax and discount
[22m[39mcleanupDatabase took 4ms

[90mstdout[2m | tests/saleService.test.ts[2m > [22m[2mSale Service[2m > [22m[2mcreateSale[2m > [22m[2mshould handle both tax and discount
[22m[39mcleanupDatabase took 1726ms

[90mstdout[2m | tests/saleService.test.ts[2m > [22m[2mSale Service[2m > [22m[2mcreateSale[2m > [22m[2mshould throw error for non-existent cash session
[22m[39mcleanupDatabase took 5ms

[90mstdout[2m | tests/saleService.test.ts[2m > [22m[2mSale Service[2m > [22m[2mcreateSale[2m > [22m[2mshould throw error for non-existent cash session
[22m[39mcleanupDatabase took 1320ms

[90mstdout[2m | tests/saleService.test.ts[2m > [22m[2mSale Service[2m > [22m[2mcreateSale[2m > [22m[2mshould throw error for closed cash session
[22m[39mcleanupDatabase took 4ms

[90mstdout[2m | tests/saleService.test.ts[2m > [22m[2mSale Service[2m > [22m[2mcreateSale[2m > [22m[2mshould throw error for closed cash session
[22m[39mcleanupDatabase took 1282ms

[90mstdout[2m | tests/saleService.test.ts[2m > [22m[2mSale Service[2m > [22m[2mcreateSale[2m > [22m[2mshould throw error for non-existent product
[22m[39mcleanupDatabase took 5ms

[90mstdout[2m | tests/saleService.test.ts[2m > [22m[2mSale Service[2m > [22m[2mcreateSale[2m > [22m[2mshould throw error for non-existent product
[22m[39mcleanupDatabase took 1312ms

[90mstdout[2m | tests/saleService.test.ts[2m > [22m[2mSale Service[2m > [22m[2mcreateSale[2m > [22m[2mshould throw error for inactive product
[22m[39mcleanupDatabase took 4ms

[90mstdout[2m | tests/saleService.test.ts[2m > [22m[2mSale Service[2m > [22m[2mcreateSale[2m > [22m[2mshould throw error for inactive product
[22m[39mcleanupDatabase took 1516ms

[90mstdout[2m | tests/saleService.test.ts[2m > [22m[2mSale Service[2m > [22m[2mcreateSale[2m > [22m[2mshould throw error for insufficient stock
[22m[39mcleanupDatabase took 7ms

[90mstdout[2m | tests/saleService.test.ts[2m > [22m[2mSale Service[2m > [22m[2mcreateSale[2m > [22m[2mshould throw error for insufficient stock
[22m[39mcleanupDatabase took 1746ms

[90mstdout[2m | tests/saleService.test.ts[2m > [22m[2mSale Service[2m > [22m[2mcreateSale[2m > [22m[2mshould throw error for invalid payment method
[22m[39mcleanupDatabase took 4ms

[90mstdout[2m | tests/saleService.test.ts[2m > [22m[2mSale Service[2m > [22m[2mcreateSale[2m > [22m[2mshould throw error for invalid payment method
[22m[39mcleanupDatabase took 1391ms

[90mstdout[2m | tests/saleService.test.ts[2m > [22m[2mSale Service[2m > [22m[2mcreateSale[2m > [22m[2mshould throw error for empty customer ID
[22m[39mcleanupDatabase took 4ms

[90mstdout[2m | tests/saleService.test.ts[2m > [22m[2mSale Service[2m > [22m[2mcreateSale[2m > [22m[2mshould throw error for empty customer ID
[22m[39mcleanupDatabase took 1770ms

[90mstdout[2m | tests/saleService.test.ts[2m > [22m[2mSale Service[2m > [22m[2mcreateSale[2m > [22m[2mshould throw error for empty items array
[22m[39mcleanupDatabase took 6ms

[90mstdout[2m | tests/saleService.test.ts[2m > [22m[2mSale Service[2m > [22m[2mcreateSale[2m > [22m[2mshould throw error for empty items array
[22m[39mcleanupDatabase took 1547ms

[90mstdout[2m | tests/saleService.test.ts[2m > [22m[2mSale Service[2m > [22m[2mcreateSale[2m > [22m[2mshould throw error for invalid item quantity
[22m[39mcleanupDatabase took 7ms

[90mstdout[2m | tests/saleService.test.ts[2m > [22m[2mSale Service[2m > [22m[2mcreateSale[2m > [22m[2mshould throw error for invalid item quantity
[22m[39mcleanupDatabase took 1213ms

[90mstdout[2m | tests/saleService.test.ts[2m > [22m[2mSale Service[2m > [22m[2mcreateSale[2m > [22m[2mshould throw error for negative item quantity
[22m[39mcleanupDatabase took 5ms

[90mstdout[2m | tests/saleService.test.ts[2m > [22m[2mSale Service[2m > [22m[2mcreateSale[2m > [22m[2mshould throw error for negative item quantity
[22m[39mcleanupDatabase took 1513ms

[90mstdout[2m | tests/saleService.test.ts[2m > [22m[2mSale Service[2m > [22m[2mgetSaleById[2m > [22m[2mshould return sale by valid ID
[22m[39mcleanupDatabase took 4ms

[90mstdout[2m | tests/saleService.test.ts[2m > [22m[2mSale Service[2m > [22m[2mgetSaleById[2m > [22m[2mshould return sale by valid ID
[22m[39mcleanupDatabase took 1686ms

[90mstdout[2m | tests/saleService.test.ts[2m > [22m[2mSale Service[2m > [22m[2mgetSaleById[2m > [22m[2mshould throw error for non-existent sale ID
[22m[39mcleanupDatabase took 7ms

[90mstdout[2m | tests/saleService.test.ts[2m > [22m[2mSale Service[2m > [22m[2mgetSaleById[2m > [22m[2mshould throw error for non-existent sale ID
[22m[39mcleanupDatabase took 1305ms

[90mstdout[2m | tests/saleService.test.ts[2m > [22m[2mSale Service[2m > [22m[2mgetSalesBySession[2m > [22m[2mshould return all sales for a cash session
[22m[39mcleanupDatabase took 4ms

[90mstdout[2m | tests/saleService.test.ts[2m > [22m[2mSale Service[2m > [22m[2mgetSalesBySession[2m > [22m[2mshould return all sales for a cash session
[22m[39mcleanupDatabase took 1831ms

[90mstdout[2m | tests/saleService.test.ts[2m > [22m[2mSale Service[2m > [22m[2mgetSalesBySession[2m > [22m[2mshould return empty array when no sales exist
[22m[39mcleanupDatabase took 4ms

[90mstdout[2m | tests/saleService.test.ts[2m > [22m[2mSale Service[2m > [22m[2mgetSalesBySession[2m > [22m[2mshould return empty array when no sales exist
[22m[39mcleanupDatabase took 1438ms

[90mstdout[2m | tests/saleService.test.ts[2m > [22m[2mSale Service[2m > [22m[2mgetSalesBySession[2m > [22m[2mshould return empty array for non-existent cash session (not throw)
[22m[39mcleanupDatabase took 4ms

[90mstdout[2m | tests/saleService.test.ts[2m > [22m[2mSale Service[2m > [22m[2mgetSalesBySession[2m > [22m[2mshould return empty array for non-existent cash session (not throw)
[22m[39mcleanupDatabase took 1687ms

[90mstdout[2m | tests/saleService.test.ts[2m > [22m[2mSale Service[2m > [22m[2mgetSalesByDateRange[2m > [22m[2mshould return sales within date range
[22m[39mcleanupDatabase took 5ms

[90mstdout[2m | tests/saleService.test.ts[2m > [22m[2mSale Service[2m > [22m[2mgetSalesByDateRange[2m > [22m[2mshould return sales within date range
[22m[39mcleanupDatabase took 2530ms

[90mstdout[2m | tests/saleService.test.ts[2m > [22m[2mSale Service[2m > [22m[2mgetSalesByDateRange[2m > [22m[2mshould return empty array when no sales in date range
[22m[39mcleanupDatabase took 4ms

[90mstdout[2m | tests/saleService.test.ts[2m > [22m[2mSale Service[2m > [22m[2mgetSalesByDateRange[2m > [22m[2mshould return empty array when no sales in date range
[22m[39mcleanupDatabase took 1280ms

[90mstdout[2m | tests/saleService.test.ts[2m > [22m[2mSale Service[2m > [22m[2mcompleteSale[2m > [22m[2mshould complete a pending sale correctly
[22m[39mcleanupDatabase took 3ms

[90mstdout[2m | tests/saleService.test.ts[2m > [22m[2mSale Service[2m > [22m[2mcompleteSale[2m > [22m[2mshould complete a pending sale correctly
[22m[39mcleanupDatabase took 2691ms

[90mstdout[2m | tests/saleService.test.ts[2m > [22m[2mSale Service[2m > [22m[2mcompleteSale[2m > [22m[2mshould throw error for non-existent sale
[22m[39mcleanupDatabase took 6ms

[90mstdout[2m | tests/saleService.test.ts[2m > [22m[2mSale Service[2m > [22m[2mcompleteSale[2m > [22m[2mshould throw error for non-existent sale
[22m[39mcleanupDatabase took 2077ms

[90mstdout[2m | tests/saleService.test.ts[2m > [22m[2mSale Service[2m > [22m[2mcompleteSale[2m > [22m[2mshould throw error for already completed sale
[22m[39mcleanupDatabase took 4ms

[90mstdout[2m | tests/saleService.test.ts[2m > [22m[2mSale Service[2m > [22m[2mcompleteSale[2m > [22m[2mshould throw error for already completed sale
[22m[39mcleanupDatabase took 2314ms

[90mstdout[2m | tests/saleService.test.ts[2m > [22m[2mSale Service[2m > [22m[2mcompleteSale[2m > [22m[2mshould throw error for cancelled sale
[22m[39mcleanupDatabase took 5ms

[90mstdout[2m | tests/saleService.test.ts[2m > [22m[2mSale Service[2m > [22m[2mcompleteSale[2m > [22m[2mshould throw error for cancelled sale
[22m[39mcleanupDatabase took 1629ms

[90mstdout[2m | tests/saleService.test.ts[2m > [22m[2mSale Service[2m > [22m[2mcancelSale[2m > [22m[2mshould cancel a pending sale correctly
[22m[39mcleanupDatabase took 5ms

[90mstdout[2m | tests/saleService.test.ts[2m > [22m[2mSale Service[2m > [22m[2mcancelSale[2m > [22m[2mshould cancel a pending sale correctly
[22m[39mcleanupDatabase took 1488ms

[90mstdout[2m | tests/saleService.test.ts[2m > [22m[2mSale Service[2m > [22m[2mcancelSale[2m > [22m[2mshould throw error for non-existent sale
[22m[39mcleanupDatabase took 4ms

[90mstdout[2m | tests/saleService.test.ts[2m > [22m[2mSale Service[2m > [22m[2mcancelSale[2m > [22m[2mshould throw error for non-existent sale
[22m[39mcleanupDatabase took 1229ms

[90mstdout[2m | tests/saleService.test.ts[2m > [22m[2mSale Service[2m > [22m[2mcancelSale[2m > [22m[2mshould throw error for already completed sale
[22m[39mcleanupDatabase took 5ms

[90mstdout[2m | tests/saleService.test.ts[2m > [22m[2mSale Service[2m > [22m[2mcancelSale[2m > [22m[2mshould throw error for already completed sale
[22m[39mcleanupDatabase took 2957ms

[90mstdout[2m | tests/saleService.test.ts[2m > [22m[2mSale Service[2m > [22m[2mcancelSale[2m > [22m[2mshould throw error for already cancelled sale
[22m[39mcleanupDatabase took 4ms

[90mstdout[2m | tests/saleService.test.ts[2m > [22m[2mSale Service[2m > [22m[2mcancelSale[2m > [22m[2mshould throw error for already cancelled sale
[22m[39mcleanupDatabase took 1506ms

[90mstdout[2m | tests/saleService.test.ts[2m > [22m[2mSale Service[2m > [22m[2mrefundSale[2m > [22m[2mshould refund a completed sale correctly
[22m[39mcleanupDatabase took 4ms

[90mstdout[2m | tests/saleService.test.ts[2m > [22m[2mSale Service[2m > [22m[2mrefundSale[2m > [22m[2mshould refund a completed sale correctly
[22m[39mcleanupDatabase took 3058ms

[90mstdout[2m | tests/saleService.test.ts[2m > [22m[2mSale Service[2m > [22m[2mrefundSale[2m > [22m[2mshould throw error for non-existent sale
[22m[39mcleanupDatabase took 4ms

[90mstdout[2m | tests/saleService.test.ts[2m > [22m[2mSale Service[2m > [22m[2mrefundSale[2m > [22m[2mshould throw error for non-existent sale
[22m[39mcleanupDatabase took 1587ms

[90mstdout[2m | tests/saleService.test.ts[2m > [22m[2mSale Service[2m > [22m[2mrefundSale[2m > [22m[2mshould throw error for non-completed sale
[22m[39mcleanupDatabase took 5ms

[90mstdout[2m | tests/saleService.test.ts[2m > [22m[2mSale Service[2m > [22m[2mrefundSale[2m > [22m[2mshould throw error for non-completed sale
[22m[39mcleanupDatabase took 2374ms

[90mstdout[2m | tests/saleService.test.ts[2m > [22m[2mSale Service[2m > [22m[2mrefundSale[2m > [22m[2mshould throw error for already refunded sale
[22m[39mcleanupDatabase took 4ms

[90mstdout[2m | tests/saleService.test.ts[2m > [22m[2mSale Service[2m > [22m[2mrefundSale[2m > [22m[2mshould throw error for already refunded sale
[22m[39mcleanupDatabase took 2994ms

 [31m❯[39m tests/saleService.test.ts [2m([22m[2m33 tests[22m[2m | [22m[31m17 failed[39m[2m)[22m[33m 116761[2mms[22m[39m
[31m       [31m×[31m should create a valid sale[39m[33m 4517[2mms[22m[39m
[31m       [31m×[31m should calculate tax correctly[39m[33m 3515[2mms[22m[39m
[31m       [31m×[31m should calculate discount correctly[39m[33m 2933[2mms[22m[39m
[31m       [31m×[31m should handle both tax and discount[39m[33m 3417[2mms[22m[39m
       [33m[2m✓[22m[39m should throw error for non-existent cash session [33m 2839[2mms[22m[39m
       [33m[2m✓[22m[39m should throw error for closed cash session [33m 2718[2mms[22m[39m
       [33m[2m✓[22m[39m should throw error for non-existent product [33m 2473[2mms[22m[39m
       [33m[2m✓[22m[39m should throw error for inactive product [33m 3344[2mms[22m[39m
[31m       [31m×[31m should throw error for insufficient stock[39m[33m 3306[2mms[22m[39m
[31m       [31m×[31m should throw error for invalid payment method[39m[33m 2926[2mms[22m[39m
[31m       [31m×[31m should throw error for empty customer ID[39m[33m 3232[2mms[22m[39m
[31m       [31m×[31m should throw error for empty items array[39m[33m 2851[2mms[22m[39m
       [33m[2m✓[22m[39m should throw error for invalid item quantity [33m 2808[2mms[22m[39m
       [33m[2m✓[22m[39m should throw error for negative item quantity [33m 2732[2mms[22m[39m
[31m       [31m×[31m should return sale by valid ID[39m[33m 3025[2mms[22m[39m
       [33m[2m✓[22m[39m should throw error for non-existent sale ID [33m 2881[2mms[22m[39m
       [33m[2m✓[22m[39m should return all sales for a cash session [33m 3600[2mms[22m[39m
       [33m[2m✓[22m[39m should return empty array when no sales exist [33m 2802[2mms[22m[39m
       [33m[2m✓[22m[39m should return empty array for non-existent cash session (not throw) [33m 2940[2mms[22m[39m
       [33m[2m✓[22m[39m should return sales within date range [33m 5691[2mms[22m[39m
       [33m[2m✓[22m[39m should return empty array when no sales in date range [33m 3285[2mms[22m[39m
[31m       [31m×[31m should complete a pending sale correctly[39m[33m 4941[2mms[22m[39m
       [33m[2m✓[22m[39m should throw error for non-existent sale [33m 3475[2mms[22m[39m
[31m       [31m×[31m should throw error for already completed sale[39m[33m 4475[2mms[22m[39m
[31m       [31m×[31m should throw error for cancelled sale[39m[33m 3489[2mms[22m[39m
[31m       [31m×[31m should cancel a pending sale correctly[39m[33m 3985[2mms[22m[39m
       [33m[2m✓[22m[39m should throw error for non-existent sale [33m 2406[2mms[22m[39m
[31m       [31m×[31m should throw error for already completed sale[39m[33m 4843[2mms[22m[39m
[31m       [31m×[31m should throw error for already cancelled sale[39m[33m 3384[2mms[22m[39m
[31m       [31m×[31m should refund a completed sale correctly[39m[33m 4799[2mms[22m[39m
       [33m[2m✓[22m[39m should throw error for non-existent sale [33m 3439[2mms[22m[39m
       [33m[2m✓[22m[39m should throw error for non-completed sale [33m 4360[2mms[22m[39m
[31m       [31m×[31m should throw error for already refunded sale[39m[33m 5324[2mms[22m[39m
[90mstdout[2m | tests/purchaseService.test.ts[2m > [22m[2mPurchase Service[2m > [22m[2mcreatePurchase[2m > [22m[2mshould create a valid purchase
[22m[39mcleanupDatabase took 117ms

[90mstdout[2m | tests/purchaseService.test.ts[2m > [22m[2mPurchase Service[2m > [22m[2mcreatePurchase[2m > [22m[2mshould create a valid purchase
[22m[39mcleanupDatabase took 1600ms

[90mstdout[2m | tests/purchaseService.test.ts[2m > [22m[2mPurchase Service[2m > [22m[2mcreatePurchase[2m > [22m[2mshould calculate tax correctly
[22m[39mcleanupDatabase took 5ms

[90mstdout[2m | tests/purchaseService.test.ts[2m > [22m[2mPurchase Service[2m > [22m[2mcreatePurchase[2m > [22m[2mshould calculate tax correctly
[22m[39mcleanupDatabase took 1339ms

[90mstdout[2m | tests/purchaseService.test.ts[2m > [22m[2mPurchase Service[2m > [22m[2mcreatePurchase[2m > [22m[2mshould calculate discount correctly
[22m[39mcleanupDatabase took 3ms

[90mstdout[2m | tests/purchaseService.test.ts[2m > [22m[2mPurchase Service[2m > [22m[2mcreatePurchase[2m > [22m[2mshould calculate discount correctly
[22m[39mcleanupDatabase took 1255ms

[90mstdout[2m | tests/purchaseService.test.ts[2m > [22m[2mPurchase Service[2m > [22m[2mcreatePurchase[2m > [22m[2mshould handle both tax and discount
[22m[39mcleanupDatabase took 15ms

[90mstdout[2m | tests/purchaseService.test.ts[2m > [22m[2mPurchase Service[2m > [22m[2mcreatePurchase[2m > [22m[2mshould handle both tax and discount
[22m[39mcleanupDatabase took 1524ms

[90mstdout[2m | tests/purchaseService.test.ts[2m > [22m[2mPurchase Service[2m > [22m[2mcreatePurchase[2m > [22m[2mshould throw error for non-existent supplier
[22m[39mcleanupDatabase took 4ms

[90mstdout[2m | tests/purchaseService.test.ts[2m > [22m[2mPurchase Service[2m > [22m[2mcreatePurchase[2m > [22m[2mshould throw error for non-existent supplier
[22m[39mcleanupDatabase took 731ms

[90mstdout[2m | tests/purchaseService.test.ts[2m > [22m[2mPurchase Service[2m > [22m[2mcreatePurchase[2m > [22m[2mshould throw error for non-existent product
[22m[39mcleanupDatabase took 22ms

[90mstdout[2m | tests/purchaseService.test.ts[2m > [22m[2mPurchase Service[2m > [22m[2mcreatePurchase[2m > [22m[2mshould throw error for non-existent product
[22m[39mcleanupDatabase took 1339ms

[90mstdout[2m | tests/purchaseService.test.ts[2m > [22m[2mPurchase Service[2m > [22m[2mcreatePurchase[2m > [22m[2mshould throw error for inactive product
[22m[39mcleanupDatabase took 3ms

[90mstdout[2m | tests/purchaseService.test.ts[2m > [22m[2mPurchase Service[2m > [22m[2mcreatePurchase[2m > [22m[2mshould throw error for inactive product
[22m[39mcleanupDatabase took 1266ms

[90mstdout[2m | tests/purchaseService.test.ts[2m > [22m[2mPurchase Service[2m > [22m[2mcreatePurchase[2m > [22m[2mshould throw error for invalid payment method
[22m[39mcleanupDatabase took 4ms

[90mstdout[2m | tests/purchaseService.test.ts[2m > [22m[2mPurchase Service[2m > [22m[2mcreatePurchase[2m > [22m[2mshould throw error for invalid payment method
[22m[39mcleanupDatabase took 1751ms

[90mstdout[2m | tests/purchaseService.test.ts[2m > [22m[2mPurchase Service[2m > [22m[2mcreatePurchase[2m > [22m[2mshould throw error for empty items array
[22m[39mcleanupDatabase took 4ms

[90mstdout[2m | tests/purchaseService.test.ts[2m > [22m[2mPurchase Service[2m > [22m[2mcreatePurchase[2m > [22m[2mshould throw error for empty items array
[22m[39mcleanupDatabase took 818ms

[90mstdout[2m | tests/purchaseService.test.ts[2m > [22m[2mPurchase Service[2m > [22m[2mcreatePurchase[2m > [22m[2mshould throw error for invalid item quantity
[22m[39mcleanupDatabase took 4ms

[90mstdout[2m | tests/purchaseService.test.ts[2m > [22m[2mPurchase Service[2m > [22m[2mcreatePurchase[2m > [22m[2mshould throw error for invalid item quantity
[22m[39mcleanupDatabase took 985ms

[90mstdout[2m | tests/purchaseService.test.ts[2m > [22m[2mPurchase Service[2m > [22m[2mcreatePurchase[2m > [22m[2mshould throw error for negative item quantity
[22m[39mcleanupDatabase took 4ms

[90mstdout[2m | tests/purchaseService.test.ts[2m > [22m[2mPurchase Service[2m > [22m[2mcreatePurchase[2m > [22m[2mshould throw error for negative item quantity
[22m[39mcleanupDatabase took 865ms

[90mstdout[2m | tests/purchaseService.test.ts[2m > [22m[2mPurchase Service[2m > [22m[2mcreatePurchase[2m > [22m[2mshould throw error for negative unit cost
[22m[39mcleanupDatabase took 4ms

[90mstdout[2m | tests/purchaseService.test.ts[2m > [22m[2mPurchase Service[2m > [22m[2mcreatePurchase[2m > [22m[2mshould throw error for negative unit cost
[22m[39mcleanupDatabase took 1048ms

[90mstdout[2m | tests/purchaseService.test.ts[2m > [22m[2mPurchase Service[2m > [22m[2mcreatePurchase[2m > [22m[2mshould throw error for zero unit cost
[22m[39mcleanupDatabase took 4ms

[90mstdout[2m | tests/purchaseService.test.ts[2m > [22m[2mPurchase Service[2m > [22m[2mcreatePurchase[2m > [22m[2mshould throw error for zero unit cost
[22m[39mcleanupDatabase took 641ms

[90mstdout[2m | tests/purchaseService.test.ts[2m > [22m[2mPurchase Service[2m > [22m[2mgetPurchaseById[2m > [22m[2mshould return purchase by valid ID
[22m[39mcleanupDatabase took 7ms

[90mstdout[2m | tests/purchaseService.test.ts[2m > [22m[2mPurchase Service[2m > [22m[2mgetPurchaseById[2m > [22m[2mshould return purchase by valid ID
[22m[39mcleanupDatabase took 1781ms

[90mstdout[2m | tests/purchaseService.test.ts[2m > [22m[2mPurchase Service[2m > [22m[2mgetPurchaseById[2m > [22m[2mshould throw error for non-existent purchase ID
[22m[39mcleanupDatabase took 5ms

[90mstdout[2m | tests/purchaseService.test.ts[2m > [22m[2mPurchase Service[2m > [22m[2mgetPurchaseById[2m > [22m[2mshould throw error for non-existent purchase ID
[22m[39mcleanupDatabase took 1023ms

[90mstdout[2m | tests/purchaseService.test.ts[2m > [22m[2mPurchase Service[2m > [22m[2mlistPurchaseOrders[2m > [22m[2mshould return all purchase orders for a supplier
[22m[39mcleanupDatabase took 4ms

[90mstdout[2m | tests/purchaseService.test.ts[2m > [22m[2mPurchase Service[2m > [22m[2mlistPurchaseOrders[2m > [22m[2mshould return all purchase orders for a supplier
[22m[39mcleanupDatabase took 2112ms

[90mstdout[2m | tests/purchaseService.test.ts[2m > [22m[2mPurchase Service[2m > [22m[2mlistPurchaseOrders[2m > [22m[2mshould return empty array when no purchase orders exist
[22m[39mcleanupDatabase took 4ms

[90mstdout[2m | tests/purchaseService.test.ts[2m > [22m[2mPurchase Service[2m > [22m[2mlistPurchaseOrders[2m > [22m[2mshould return empty array when no purchase orders exist
[22m[39mcleanupDatabase took 1167ms

[90mstdout[2m | tests/purchaseService.test.ts[2m > [22m[2mPurchase Service[2m > [22m[2mlistPurchaseOrders[2m > [22m[2mshould throw error for non-existent supplier
[22m[39mcleanupDatabase took 6ms

[90mstdout[2m | tests/purchaseService.test.ts[2m > [22m[2mPurchase Service[2m > [22m[2mlistPurchaseOrders[2m > [22m[2mshould throw error for non-existent supplier
[22m[39mcleanupDatabase took 1311ms

[90mstdout[2m | tests/purchaseService.test.ts[2m > [22m[2mPurchase Service[2m > [22m[2mshould throw error for non-existent purchase
[22m[39mcleanupDatabase took 5ms

[90mstdout[2m | tests/purchaseService.test.ts[2m > [22m[2mPurchase Service[2m > [22m[2mshould throw error for non-existent purchase
[22m[39mcleanupDatabase took 1276ms

[90mstdout[2m | tests/purchaseService.test.ts[2m > [22m[2mPurchase Service[2m > [22m[2mshould throw error for already completed purchase
[22m[39mcleanupDatabase took 4ms

[90mstdout[2m | tests/purchaseService.test.ts[2m > [22m[2mPurchase Service[2m > [22m[2mshould throw error for already completed purchase
[22m[39mcleanupDatabase took 1691ms

[90mstdout[2m | tests/purchaseService.test.ts[2m > [22m[2mPurchase Service[2m > [22m[2mshould throw error for cancelled purchase
[22m[39mcleanupDatabase took 5ms

[90mstdout[2m | tests/purchaseService.test.ts[2m > [22m[2mPurchase Service[2m > [22m[2mshould throw error for cancelled purchase
[22m[39mcleanupDatabase took 958ms

 [31m❯[39m tests/purchaseService.test.ts [2m([22m[2m33 tests[22m[2m | [22m[31m10 failed[39m[2m | [22m[33m12 skipped[39m[2m)[22m[33m 51876[2mms[22m[39m
[31m       [31m×[31m should create a valid purchase[39m[33m 2813[2mms[22m[39m
[31m       [31m×[31m should calculate tax correctly[39m[33m 2566[2mms[22m[39m
[31m       [31m×[31m should calculate discount correctly[39m[33m 2500[2mms[22m[39m
[31m       [31m×[31m should handle both tax and discount[39m[33m 2958[2mms[22m[39m
       [33m[2m✓[22m[39m should throw error for non-existent supplier [33m 1411[2mms[22m[39m
       [33m[2m✓[22m[39m should throw error for non-existent product [33m 2570[2mms[22m[39m
       [33m[2m✓[22m[39m should throw error for inactive product [33m 2516[2mms[22m[39m
       [33m[2m✓[22m[39m should throw error for invalid payment method [33m 3227[2mms[22m[39m
       [33m[2m✓[22m[39m should throw error for empty items array [33m 1833[2mms[22m[39m
       [33m[2m✓[22m[39m should throw error for invalid item quantity [33m 1642[2mms[22m[39m
       [33m[2m✓[22m[39m should throw error for negative item quantity [33m 1789[2mms[22m[39m
[31m       [31m×[31m should throw error for negative unit cost[39m[33m 2210[2mms[22m[39m
[31m       [31m×[31m should throw error for zero unit cost[39m[33m 1541[2mms[22m[39m
       [33m[2m✓[22m[39m should return purchase by valid ID [33m 2806[2mms[22m[39m
       [33m[2m✓[22m[39m should throw error for non-existent purchase ID [33m 2383[2mms[22m[39m
       [33m[2m✓[22m[39m should return all purchase orders for a supplier [33m 4358[2mms[22m[39m
       [33m[2m✓[22m[39m should return empty array when no purchase orders exist [33m 2460[2mms[22m[39m
[31m       [31m×[31m should throw error for non-existent supplier[39m[33m 2366[2mms[22m[39m
       [2m[90m↓[39m[22m should complete a pending purchase correctly - SKIPPED: completePurchase method not implemented (missing status/timestamp fields in model)
       [2m[90m↓[39m[22m should throw error for non-existent purchase - SKIPPED: completePurchase method not implemented
       [2m[90m↓[39m[22m should throw error for already completed purchase - SKIPPED: completePurchase method not implemented
       [2m[90m↓[39m[22m should throw error for cancelled purchase - SKIPPED: completePurchase method not implemented
[31m     [31m×[31m should throw error for non-existent purchase[39m[33m 2508[2mms[22m[39m
[31m     [31m×[31m should throw error for already completed purchase[39m[33m 2849[2mms[22m[39m
[31m     [31m×[31m should throw error for cancelled purchase[39m[33m 2566[2mms[22m[39m
     [2m[90m↓[39m[22m should cancel a pending purchase correctly - SKIPPED: cancelPurchase method not implemented (missing status/timestamp fields in model)
     [2m[90m↓[39m[22m should throw error for non-existent purchase - SKIPPED: cancelPurchase method not implemented
     [2m[90m↓[39m[22m should throw error for already completed purchase - SKIPPED: cancelPurchase method not implemented
     [2m[90m↓[39m[22m should throw error for already cancelled purchase - SKIPPED: cancelPurchase method not implemented
     [2m[90m↓[39m[22m should receive a completed purchase correctly - SKIPPED: receivePurchase method not implemented (missing status/timestamp fields in model)
     [2m[90m↓[39m[22m should throw error for non-existent purchase - SKIPPED: receivePurchase method not implemented
     [2m[90m↓[39m[22m should throw error for non-completed purchase - SKIPPED: receivePurchase method not implemented
     [2m[90m↓[39m[22m should throw error for already received purchase - SKIPPED: receivePurchase method not implemented
[90mstdout[2m | tests/cashMovementService.test.ts[2m > [22m[2mCash Movement Service[2m > [22m[2mcreateCashMovement[2m > [22m[2mshould create a valid cash movement
[22m[39mcleanupDatabase took 95ms

[90mstdout[2m | tests/cashMovementService.test.ts[2m > [22m[2mCash Movement Service[2m > [22m[2mcreateCashMovement[2m > [22m[2mshould create a valid cash movement
[22m[39mcleanupDatabase took 1263ms

[90mstdout[2m | tests/cashMovementService.test.ts[2m > [22m[2mCash Movement Service[2m > [22m[2mcreateCashMovement[2m > [22m[2mshould throw error for non-existent cash session
[22m[39mcleanupDatabase took 4ms

[90mstdout[2m | tests/cashMovementService.test.ts[2m > [22m[2mCash Movement Service[2m > [22m[2mcreateCashMovement[2m > [22m[2mshould throw error for non-existent cash session
[22m[39mcleanupDatabase took 1093ms

[90mstdout[2m | tests/cashMovementService.test.ts[2m > [22m[2mCash Movement Service[2m > [22m[2mcreateCashMovement[2m > [22m[2mshould throw error for closed cash session
[22m[39mcleanupDatabase took 4ms

[90mstdout[2m | tests/cashMovementService.test.ts[2m > [22m[2mCash Movement Service[2m > [22m[2mcreateCashMovement[2m > [22m[2mshould throw error for closed cash session
[22m[39mcleanupDatabase took 990ms

[90mstdout[2m | tests/cashMovementService.test.ts[2m > [22m[2mCash Movement Service[2m > [22m[2mcreateCashMovement[2m > [22m[2mshould throw error for invalid movement type
[22m[39mcleanupDatabase took 4ms

[90mstdout[2m | tests/cashMovementService.test.ts[2m > [22m[2mCash Movement Service[2m > [22m[2mcreateCashMovement[2m > [22m[2mshould throw error for invalid movement type
[22m[39mcleanupDatabase took 1205ms

[90mstdout[2m | tests/cashMovementService.test.ts[2m > [22m[2mCash Movement Service[2m > [22m[2mcreateCashMovement[2m > [22m[2mshould throw error for negative amount
[22m[39mcleanupDatabase took 4ms

[90mstdout[2m | tests/cashMovementService.test.ts[2m > [22m[2mCash Movement Service[2m > [22m[2mcreateCashMovement[2m > [22m[2mshould throw error for negative amount
[22m[39mcleanupDatabase took 1151ms

[90mstdout[2m | tests/cashMovementService.test.ts[2m > [22m[2mCash Movement Service[2m > [22m[2mcreateCashMovement[2m > [22m[2mshould throw error for zero amount
[22m[39mcleanupDatabase took 4ms

[90mstdout[2m | tests/cashMovementService.test.ts[2m > [22m[2mCash Movement Service[2m > [22m[2mcreateCashMovement[2m > [22m[2mshould throw error for zero amount
[22m[39mcleanupDatabase took 891ms

[90mstdout[2m | tests/cashMovementService.test.ts[2m > [22m[2mCash Movement Service[2m > [22m[2mcreateCashMovement[2m > [22m[2mshould throw error for empty description
[22m[39mcleanupDatabase took 4ms

[90mstdout[2m | tests/cashMovementService.test.ts[2m > [22m[2mCash Movement Service[2m > [22m[2mcreateCashMovement[2m > [22m[2mshould throw error for empty description
[22m[39mcleanupDatabase took 915ms

[90mstdout[2m | tests/cashMovementService.test.ts[2m > [22m[2mCash Movement Service[2m > [22m[2mcreateCashMovement[2m > [22m[2mshould throw error for whitespace-only description
[22m[39mcleanupDatabase took 4ms

[90mstdout[2m | tests/cashMovementService.test.ts[2m > [22m[2mCash Movement Service[2m > [22m[2mcreateCashMovement[2m > [22m[2mshould throw error for whitespace-only description
[22m[39mcleanupDatabase took 807ms

[90mstdout[2m | tests/cashMovementService.test.ts[2m > [22m[2mCash Movement Service[2m > [22m[2mgetCashMovement[2m > [22m[2mshould return cash movement by valid ID
[22m[39mcleanupDatabase took 4ms

[90mstdout[2m | tests/cashMovementService.test.ts[2m > [22m[2mCash Movement Service[2m > [22m[2mgetCashMovement[2m > [22m[2mshould return cash movement by valid ID
[22m[39mcleanupDatabase took 1070ms

[90mstdout[2m | tests/cashMovementService.test.ts[2m > [22m[2mCash Movement Service[2m > [22m[2mgetCashMovement[2m > [22m[2mshould throw error for non-existent cash movement ID
[22m[39mcleanupDatabase took 4ms

[90mstdout[2m | tests/cashMovementService.test.ts[2m > [22m[2mCash Movement Service[2m > [22m[2mgetCashMovement[2m > [22m[2mshould throw error for non-existent cash movement ID
[22m[39mcleanupDatabase took 904ms

[90mstdout[2m | tests/cashMovementService.test.ts[2m > [22m[2mCash Movement Service[2m > [22m[2mgetCashMovementsBySession[2m > [22m[2mshould return all cash movements for a session
[22m[39mcleanupDatabase took 4ms

[90mstdout[2m | tests/cashMovementService.test.ts[2m > [22m[2mCash Movement Service[2m > [22m[2mgetCashMovementsBySession[2m > [22m[2mshould return all cash movements for a session
[22m[39mcleanupDatabase took 684ms

[90mstdout[2m | tests/cashMovementService.test.ts[2m > [22m[2mCash Movement Service[2m > [22m[2mgetCashMovementsBySession[2m > [22m[2mshould return empty array when no movements exist
[22m[39mcleanupDatabase took 3ms

[90mstdout[2m | tests/cashMovementService.test.ts[2m > [22m[2mCash Movement Service[2m > [22m[2mgetCashMovementsBySession[2m > [22m[2mshould return empty array when no movements exist
[22m[39mcleanupDatabase took 917ms

[90mstdout[2m | tests/cashMovementService.test.ts[2m > [22m[2mCash Movement Service[2m > [22m[2mgetCashMovementsBySession[2m > [22m[2mshould throw error for non-existent cash session
[22m[39mcleanupDatabase took 6ms

[90mstdout[2m | tests/cashMovementService.test.ts[2m > [22m[2mCash Movement Service[2m > [22m[2mgetCashMovementsBySession[2m > [22m[2mshould throw error for non-existent cash session
[22m[39mcleanupDatabase took 1180ms

[90mstdout[2m | tests/cashMovementService.test.ts[2m > [22m[2mCash Movement Service[2m > [22m[2mgetCashMovementsByType[2m > [22m[2mshould return cash movements filtered by type
[22m[39mcleanupDatabase took 6ms

[90mstdout[2m | tests/cashMovementService.test.ts[2m > [22m[2mCash Movement Service[2m > [22m[2mgetCashMovementsByType[2m > [22m[2mshould return cash movements filtered by type
[22m[39mcleanupDatabase took 832ms

[90mstdout[2m | tests/cashMovementService.test.ts[2m > [22m[2mCash Movement Service[2m > [22m[2mgetCashMovementsByType[2m > [22m[2mshould return empty array when no movements of specified type exist
[22m[39mcleanupDatabase took 4ms

[90mstdout[2m | tests/cashMovementService.test.ts[2m > [22m[2mCash Movement Service[2m > [22m[2mgetCashMovementsByType[2m > [22m[2mshould return empty array when no movements of specified type exist
[22m[39mcleanupDatabase took 1079ms

[90mstdout[2m | tests/cashMovementService.test.ts[2m > [22m[2mCash Movement Service[2m > [22m[2mgetCashMovementsByType[2m > [22m[2mshould throw error for invalid movement type
[22m[39mcleanupDatabase took 4ms

[90mstdout[2m | tests/cashMovementService.test.ts[2m > [22m[2mCash Movement Service[2m > [22m[2mgetCashMovementsByType[2m > [22m[2mshould throw error for invalid movement type
[22m[39mcleanupDatabase took 1198ms

[90mstdout[2m | tests/cashMovementService.test.ts[2m > [22m[2mCash Movement Service[2m > [22m[2mgetCashMovementsByType[2m > [22m[2mshould throw error for non-existent cash session
[22m[39mcleanupDatabase took 5ms

[90mstdout[2m | tests/cashMovementService.test.ts[2m > [22m[2mCash Movement Service[2m > [22m[2mgetCashMovementsByType[2m > [22m[2mshould throw error for non-existent cash session
[22m[39mcleanupDatabase took 849ms

 [31m❯[39m tests/cashMovementService.test.ts [2m([22m[2m17 tests[22m[2m | [22m[31m17 failed[39m[2m)[22m[33m 30719[2mms[22m[39m
[31m       [31m×[31m should create a valid cash movement[39m[33m 2354[2mms[22m[39m
[31m       [31m×[31m should throw error for non-existent cash session[39m[33m 2279[2mms[22m[39m
[31m       [31m×[31m should throw error for closed cash session[39m[33m 2021[2mms[22m[39m
[31m       [31m×[31m should throw error for invalid movement type[39m[33m 1932[2mms[22m[39m
[31m       [31m×[31m should throw error for negative amount[39m[33m 2002[2mms[22m[39m
[31m       [31m×[31m should throw error for zero amount[39m[33m 1699[2mms[22m[39m
[31m       [31m×[31m should throw error for empty description[39m[33m 1598[2mms[22m[39m
[31m       [31m×[31m should throw error for whitespace-only description[39m[33m 1392[2mms[22m[39m
[31m       [31m×[31m should return cash movement by valid ID[39m[33m 1820[2mms[22m[39m
[31m       [31m×[31m should throw error for non-existent cash movement ID[39m[33m 1438[2mms[22m[39m
[31m       [31m×[31m should return all cash movements for a session[39m[33m 1677[2mms[22m[39m
[31m       [31m×[31m should return empty array when no movements exist[39m[33m 1617[2mms[22m[39m
[31m       [31m×[31m should throw error for non-existent cash session[39m[33m 2014[2mms[22m[39m
[31m       [31m×[31m should return cash movements filtered by type[39m[33m 1509[2mms[22m[39m
[31m       [31m×[31m should return empty array when no movements of specified type exist[39m[33m 1814[2mms[22m[39m
[31m       [31m×[31m should throw error for invalid movement type[39m[33m 1920[2mms[22m[39m
[31m       [31m×[31m should throw error for non-existent cash session[39m[33m 1630[2mms[22m[39m
 [31m❯[39m tests/paymentService.test.ts [2m([22m[2m0 test[22m[2m)[22m
[90mstdout[2m | tests/auditService.test.ts[2m > [22m[2mAudit Service[2m > [22m[2mlogAudit[2m > [22m[2mshould create a valid audit log entry
[22m[39mcleanupDatabase took 12ms

[90mstdout[2m | tests/auditService.test.ts[2m > [22m[2mAudit Service[2m > [22m[2mlogAudit[2m > [22m[2mshould create a valid audit log entry
[22m[39mcleanupDatabase took 1364ms

[90mstdout[2m | tests/auditService.test.ts[2m > [22m[2mAudit Service[2m > [22m[2mlogAudit[2m > [22m[2mshould create audit log with IP address and user agent
[22m[39mcleanupDatabase took 4ms

[90mstdout[2m | tests/auditService.test.ts[2m > [22m[2mAudit Service[2m > [22m[2mlogAudit[2m > [22m[2mshould create audit log with IP address and user agent
[22m[39mcleanupDatabase took 2020ms

[90mstdout[2m | tests/auditService.test.ts[2m > [22m[2mAudit Service[2m > [22m[2mlogAudit[2m > [22m[2mshould throw error for non-existent user
[22m[39mcleanupDatabase took 4ms

[90mstdout[2m | tests/auditService.test.ts[2m > [22m[2mAudit Service[2m > [22m[2mlogAudit[2m > [22m[2mshould throw error for non-existent user
[22m[39mcleanupDatabase took 1522ms

[90mstdout[2m | tests/auditService.test.ts[2m > [22m[2mAudit Service[2m > [22m[2mlogAudit[2m > [22m[2mshould throw error for inactive user
[22m[39mcleanupDatabase took 4ms

[90mstdout[2m | tests/auditService.test.ts[2m > [22m[2mAudit Service[2m > [22m[2mlogAudit[2m > [22m[2mshould throw error for inactive user
[22m[39mcleanupDatabase took 1582ms

[90mstdout[2m | tests/auditService.test.ts[2m > [22m[2mAudit Service[2m > [22m[2mlogAudit[2m > [22m[2mshould throw error for empty action
[22m[39mcleanupDatabase took 4ms

[90mstdout[2m | tests/auditService.test.ts[2m > [22m[2mAudit Service[2m > [22m[2mlogAudit[2m > [22m[2mshould throw error for empty action
[22m[39mcleanupDatabase took 973ms

[90mstdout[2m | tests/auditService.test.ts[2m > [22m[2mAudit Service[2m > [22m[2mlogAudit[2m > [22m[2mshould throw error for empty entity
[22m[39mcleanupDatabase took 4ms

[90mstdout[2m | tests/auditService.test.ts[2m > [22m[2mAudit Service[2m > [22m[2mlogAudit[2m > [22m[2mshould throw error for empty entity
[22m[39mcleanupDatabase took 1550ms

[90mstdout[2m | tests/auditService.test.ts[2m > [22m[2mAudit Service[2m > [22m[2mgetAuditLogs[2m > [22m[2mshould return audit logs with no filters
[22m[39mcleanupDatabase took 4ms

[90mstdout[2m | tests/auditService.test.ts[2m > [22m[2mAudit Service[2m > [22m[2mgetAuditLogs[2m > [22m[2mshould return audit logs with no filters
[22m[39mcleanupDatabase took 1314ms

[90mstdout[2m | tests/auditService.test.ts[2m > [22m[2mAudit Service[2m > [22m[2mgetAuditLogs[2m > [22m[2mshould filter by userId
[22m[39mcleanupDatabase took 5ms

[90mstdout[2m | tests/auditService.test.ts[2m > [22m[2mAudit Service[2m > [22m[2mgetAuditLogs[2m > [22m[2mshould filter by userId
[22m[39mcleanupDatabase took 1136ms

[90mstdout[2m | tests/auditService.test.ts[2m > [22m[2mAudit Service[2m > [22m[2mgetAuditLogs[2m > [22m[2mshould filter by action
[22m[39mcleanupDatabase took 5ms

[90mstdout[2m | tests/auditService.test.ts[2m > [22m[2mAudit Service[2m > [22m[2mgetAuditLogs[2m > [22m[2mshould filter by action
[22m[39mcleanupDatabase took 1377ms

[90mstdout[2m | tests/auditService.test.ts[2m > [22m[2mAudit Service[2m > [22m[2mgetAuditLogs[2m > [22m[2mshould filter by entity
[22m[39mcleanupDatabase took 5ms

[90mstdout[2m | tests/auditService.test.ts[2m > [22m[2mAudit Service[2m > [22m[2mgetAuditLogs[2m > [22m[2mshould filter by entity
[22m[39mcleanupDatabase took 1123ms

[90mstdout[2m | tests/auditService.test.ts[2m > [22m[2mAudit Service[2m > [22m[2mgetAuditLogs[2m > [22m[2mshould filter by date range
[22m[39mcleanupDatabase took 5ms

[90mstdout[2m | tests/auditService.test.ts[2m > [22m[2mAudit Service[2m > [22m[2mgetAuditLogs[2m > [22m[2mshould filter by date range
[22m[39mcleanupDatabase took 1344ms

[90mstdout[2m | tests/auditService.test.ts[2m > [22m[2mAudit Service[2m > [22m[2mgetAuditLogs[2m > [22m[2mshould return empty array when no logs match filters
[22m[39mcleanupDatabase took 5ms

[90mstdout[2m | tests/auditService.test.ts[2m > [22m[2mAudit Service[2m > [22m[2mgetAuditLogs[2m > [22m[2mshould return empty array when no logs match filters
[22m[39mcleanupDatabase took 1249ms

[90mstdout[2m | tests/auditService.test.ts[2m > [22m[2mAudit Service[2m > [22m[2mgetAuditLogs[2m > [22m[2mshould paginate results correctly
[22m[39mcleanupDatabase took 5ms

[90mstdout[2m | tests/auditService.test.ts[2m > [22m[2mAudit Service[2m > [22m[2mgetAuditLogs[2m > [22m[2mshould paginate results correctly
[22m[39mcleanupDatabase took 1227ms

[90mstdout[2m | tests/auditService.test.ts[2m > [22m[2mAudit Service[2m > [22m[2mgetAuditLogsByEntity[2m > [22m[2mshould return audit logs for a specific entity
[22m[39mcleanupDatabase took 6ms

[90mstdout[2m | tests/auditService.test.ts[2m > [22m[2mAudit Service[2m > [22m[2mgetAuditLogsByEntity[2m > [22m[2mshould return audit logs for a specific entity
[22m[39mcleanupDatabase took 1015ms

[90mstdout[2m | tests/auditService.test.ts[2m > [22m[2mAudit Service[2m > [22m[2mgetAuditLogsByEntity[2m > [22m[2mshould return empty array when no audit logs exist for entity
[22m[39mcleanupDatabase took 5ms

[90mstdout[2m | tests/auditService.test.ts[2m > [22m[2mAudit Service[2m > [22m[2mgetAuditLogsByEntity[2m > [22m[2mshould return empty array when no audit logs exist for entity
[22m[39mcleanupDatabase took 881ms

[90mstdout[2m | tests/auditService.test.ts[2m > [22m[2mAudit Service[2m > [22m[2mgetAuditLogsByEntity[2m > [22m[2mshould throw error for invalid entity type
[22m[39mcleanupDatabase took 6ms

[90mstdout[2m | tests/auditService.test.ts[2m > [22m[2mAudit Service[2m > [22m[2mgetAuditLogsByEntity[2m > [22m[2mshould throw error for invalid entity type
[22m[39mcleanupDatabase took 1032ms

[90mstdout[2m | tests/auditService.test.ts[2m > [22m[2mAudit Service[2m > [22m[2mgetAuditSummary[2m > [22m[2mshould return correct audit summary
[22m[39mcleanupDatabase took 6ms

[90mstdout[2m | tests/auditService.test.ts[2m > [22m[2mAudit Service[2m > [22m[2mgetAuditSummary[2m > [22m[2mshould return correct audit summary
[22m[39mcleanupDatabase took 1603ms

[90mstdout[2m | tests/auditService.test.ts[2m > [22m[2mAudit Service[2m > [22m[2mgetAuditSummary[2m > [22m[2mshould return empty summary when no audit logs exist
[22m[39mcleanupDatabase took 4ms

[90mstdout[2m | tests/auditService.test.ts[2m > [22m[2mAudit Service[2m > [22m[2mgetAuditSummary[2m > [22m[2mshould return empty summary when no audit logs exist
[22m[39mcleanupDatabase took 1341ms

[90mstdout[2m | tests/auditService.test.ts[2m > [22m[2mAudit Service[2m > [22m[2mgetAuditSummary[2m > [22m[2mshould filter summary by date range
[22m[39mcleanupDatabase took 6ms

[90mstdout[2m | tests/auditService.test.ts[2m > [22m[2mAudit Service[2m > [22m[2mgetAuditSummary[2m > [22m[2mshould filter summary by date range
[22m[39mcleanupDatabase took 1021ms

 [32m✓[39m tests/auditService.test.ts [2m([22m[2m19 tests[22m[2m)[22m[33m 56492[2mms[22m[39m
       [33m[2m✓[22m[39m should create a valid audit log entry [33m 3419[2mms[22m[39m
       [33m[2m✓[22m[39m should create audit log with IP address and user agent [33m 3765[2mms[22m[39m
       [33m[2m✓[22m[39m should throw error for non-existent user [33m 3400[2mms[22m[39m
       [33m[2m✓[22m[39m should throw error for inactive user [33m 3183[2mms[22m[39m
       [33m[2m✓[22m[39m should throw error for empty action [33m 2282[2mms[22m[39m
       [33m[2m✓[22m[39m should throw error for empty entity [33m 2859[2mms[22m[39m
       [33m[2m✓[22m[39m should return audit logs with no filters [33m 2633[2mms[22m[39m
       [33m[2m✓[22m[39m should filter by userId [33m 2766[2mms[22m[39m
       [33m[2m✓[22m[39m should filter by action [33m 3139[2mms[22m[39m
       [33m[2m✓[22m[39m should filter by entity [33m 2353[2mms[22m[39m
       [33m[2m✓[22m[39m should filter by date range [33m 2674[2mms[22m[39m
       [33m[2m✓[22m[39m should return empty array when no logs match filters [33m 2417[2mms[22m[39m
       [33m[2m✓[22m[39m should paginate results correctly [33m 6241[2mms[22m[39m
       [33m[2m✓[22m[39m should return audit logs for a specific entity [33m 2808[2mms[22m[39m
       [33m[2m✓[22m[39m should return empty array when no audit logs exist for entity [33m 1741[2mms[22m[39m
       [33m[2m✓[22m[39m should throw error for invalid entity type [33m 2050[2mms[22m[39m
       [33m[2m✓[22m[39m should return correct audit summary [33m 3183[2mms[22m[39m
       [33m[2m✓[22m[39m should return empty summary when no audit logs exist [33m 2427[2mms[22m[39m
       [33m[2m✓[22m[39m should filter summary by date range [33m 3148[2mms[22m[39m
[90mstdout[2m | tests/stockService.test.ts[2m > [22m[2mStock Service[2m > [22m[2mgetStock[2m > [22m[2mshould return current stock information for a product
[22m[39mcleanupDatabase took 105ms

[90mstdout[2m | tests/stockService.test.ts[2m > [22m[2mStock Service[2m > [22m[2mgetStock[2m > [22m[2mshould return current stock information for a product
[22m[39mcleanupDatabase took 712ms

[90mstdout[2m | tests/stockService.test.ts[2m > [22m[2mStock Service[2m > [22m[2mgetStock[2m > [22m[2mshould throw error for non-existent product
[22m[39mcleanupDatabase took 5ms

[90mstdout[2m | tests/stockService.test.ts[2m > [22m[2mStock Service[2m > [22m[2mgetStock[2m > [22m[2mshould throw error for non-existent product
[22m[39mcleanupDatabase took 404ms

[90mstdout[2m | tests/stockService.test.ts[2m > [22m[2mStock Service[2m > [22m[2maddStock[2m > [22m[2mshould add stock to product and create STOCK movements
[22m[39mcleanupDatabase took 5ms

[90mstdout[2m | tests/stockService.test.ts[2m > [22m[2mStock Service[2m > [22m[2maddStock[2m > [22m[2mshould add stock to product and create STOCK movements
[22m[39mcleanupDatabase took 767ms

[90mstdout[2m | tests/stockService.test.ts[2m > [22m[2mStock Service[2m > [22m[2maddStock[2m > [22m[2mshould throw error for non-existent product
[22m[39mcleanupDatabase took 5ms

[90mstdout[2m | tests/stockService.test.ts[2m > [22m[2mStock Service[2m > [22m[2maddStock[2m > [22m[2mshould throw error for non-existent product
[22m[39mcleanupDatabase took 614ms

[90mstdout[2m | tests/stockService.test.ts[2m > [22m[2mStock Service[2m > [22m[2maddStock[2m > [22m[2mshould throw error for inactive product
[22m[39mcleanupDatabase took 4ms

[90mstdout[2m | tests/stockService.test.ts[2m > [22m[2mStock Service[2m > [22m[2maddStock[2m > [22m[2mshould throw error for inactive product
[22m[39mcleanupDatabase took 782ms

[90mstdout[2m | tests/stockService.test.ts[2m > [22m[2mStock Service[2m > [22m[2maddStock[2m > [22m[2mshould throw error for non-positive quantity
[22m[39mcleanupDatabase took 4ms

[90mstdout[2m | tests/stockService.test.ts[2m > [22m[2mStock Service[2m > [22m[2maddStock[2m > [22m[2mshould throw error for non-positive quantity
[22m[39mcleanupDatabase took 356ms

[90mstdout[2m | tests/stockService.test.ts[2m > [22m[2mStock Service[2m > [22m[2mremoveStock[2m > [22m[2mshould remove stock from product and create SALE movements
[22m[39mcleanupDatabase took 4ms

[90mstdout[2m | tests/stockService.test.ts[2m > [22m[2mStock Service[2m > [22m[2mremoveStock[2m > [22m[2mshould remove stock from product and create SALE movements
[22m[39mcleanupDatabase took 506ms

[90mstdout[2m | tests/stockService.test.ts[2m > [22m[2mStock Service[2m > [22m[2mremoveStock[2m > [22m[2mshould throw error for non-existent product
[22m[39mcleanupDatabase took 5ms

[90mstdout[2m | tests/stockService.test.ts[2m > [22m[2mStock Service[2m > [22m[2mremoveStock[2m > [22m[2mshould throw error for non-existent product
[22m[39mcleanupDatabase took 557ms

[90mstdout[2m | tests/stockService.test.ts[2m > [22m[2mStock Service[2m > [22m[2mremoveStock[2m > [22m[2mshould throw error for inactive product
[22m[39mcleanupDatabase took 5ms

[90mstdout[2m | tests/stockService.test.ts[2m > [22m[2mStock Service[2m > [22m[2mremoveStock[2m > [22m[2mshould throw error for inactive product
[22m[39mcleanupDatabase took 722ms

[90mstdout[2m | tests/stockService.test.ts[2m > [22m[2mStock Service[2m > [22m[2mremoveStock[2m > [22m[2mshould throw error when removing more stock than available
[22m[39mcleanupDatabase took 4ms

[90mstdout[2m | tests/stockService.test.ts[2m > [22m[2mStock Service[2m > [22m[2mremoveStock[2m > [22m[2mshould throw error when removing more stock than available
[22m[39mcleanupDatabase took 581ms

[90mstdout[2m | tests/stockService.test.ts[2m > [22m[2mStock Service[2m > [22m[2mremoveStock[2m > [22m[2mshould throw error for non-positive quantity
[22m[39mcleanupDatabase took 6ms

[90mstdout[2m | tests/stockService.test.ts[2m > [22m[2mStock Service[2m > [22m[2mremoveStock[2m > [22m[2mshould throw error for non-positive quantity
[22m[39mcleanupDatabase took 648ms

[90mstdout[2m | tests/stockService.test.ts[2m > [22m[2mStock Service[2m > [22m[2madjustStock[2m > [22m[2mshould increase stock when target is higher than current
[22m[39mcleanupDatabase took 4ms

[90mstdout[2m | tests/stockService.test.ts[2m > [22m[2mStock Service[2m > [22m[2madjustStock[2m > [22m[2mshould increase stock when target is higher than current
[22m[39mcleanupDatabase took 974ms

[90mstdout[2m | tests/stockService.test.ts[2m > [22m[2mStock Service[2m > [22m[2madjustStock[2m > [22m[2mshould decrease stock when target is lower than current
[22m[39mcleanupDatabase took 8ms

[90mstdout[2m | tests/stockService.test.ts[2m > [22m[2mStock Service[2m > [22m[2madjustStock[2m > [22m[2mshould decrease stock when target is lower than current
[22m[39mcleanupDatabase took 841ms

[90mstdout[2m | tests/stockService.test.ts[2m > [22m[2mStock Service[2m > [22m[2madjustStock[2m > [22m[2mshould return early when no adjustment needed
[22m[39mcleanupDatabase took 6ms

[90mstdout[2m | tests/stockService.test.ts[2m > [22m[2mStock Service[2m > [22m[2madjustStock[2m > [22m[2mshould return early when no adjustment needed
[22m[39mcleanupDatabase took 432ms

[90mstdout[2m | tests/stockService.test.ts[2m > [22m[2mStock Service[2m > [22m[2madjustStock[2m > [22m[2mshould throw error for non-existent product
[22m[39mcleanupDatabase took 4ms

[90mstdout[2m | tests/stockService.test.ts[2m > [22m[2mStock Service[2m > [22m[2madjustStock[2m > [22m[2mshould throw error for non-existent product
[22m[39mcleanupDatabase took 990ms

[90mstdout[2m | tests/stockService.test.ts[2m > [22m[2mStock Service[2m > [22m[2madjustStock[2m > [22m[2mshould throw error for inactive product
[22m[39mcleanupDatabase took 4ms

[90mstdout[2m | tests/stockService.test.ts[2m > [22m[2mStock Service[2m > [22m[2madjustStock[2m > [22m[2mshould throw error for inactive product
[22m[39mcleanupDatabase took 582ms

[90mstdout[2m | tests/stockService.test.ts[2m > [22m[2mStock Service[2m > [22m[2madjustStock[2m > [22m[2mshould throw error for non-positive quantity
[22m[39mcleanupDatabase took 6ms

[90mstdout[2m | tests/stockService.test.ts[2m > [22m[2mStock Service[2m > [22m[2madjustStock[2m > [22m[2mshould throw error for non-positive quantity
[22m[39mcleanupDatabase took 691ms

[90mstdout[2m | tests/stockService.test.ts[2m > [22m[2mStock Service[2m > [22m[2mgetStockMovements[2m > [22m[2mshould return stock movements for a product
[22m[39mcleanupDatabase took 5ms

[90mstdout[2m | tests/stockService.test.ts[2m > [22m[2mStock Service[2m > [22m[2mgetStockMovements[2m > [22m[2mshould return stock movements for a product
[22m[39mcleanupDatabase took 474ms

[90mstdout[2m | tests/stockService.test.ts[2m > [22m[2mStock Service[2m > [22m[2mgetStockMovements[2m > [22m[2mshould filter movements by type
[22m[39mcleanupDatabase took 6ms

[90mstdout[2m | tests/stockService.test.ts[2m > [22m[2mStock Service[2m > [22m[2mgetStockMovements[2m > [22m[2mshould filter movements by type
[22m[39mcleanupDatabase took 728ms

[90mstdout[2m | tests/stockService.test.ts[2m > [22m[2mStock Service[2m > [22m[2mgetStockMovements[2m > [22m[2mshould throw error for non-existent product
[22m[39mcleanupDatabase took 5ms

[90mstdout[2m | tests/stockService.test.ts[2m > [22m[2mStock Service[2m > [22m[2mgetStockMovements[2m > [22m[2mshould throw error for non-existent product
[22m[39mcleanupDatabase took 433ms

[90mstdout[2m | tests/stockService.test.ts[2m > [22m[2mStock Service[2m > [22m[2mgetLowStockProducts[2m > [22m[2mshould return products with stock at or below minimum level
[22m[39mcleanupDatabase took 4ms

[90mstdout[2m | tests/stockService.test.ts[2m > [22m[2mStock Service[2m > [22m[2mgetLowStockProducts[2m > [22m[2mshould return products with stock at or below minimum level
[22m[39mcleanupDatabase took 891ms

[90mstdout[2m | tests/stockService.test.ts[2m > [22m[2mStock Service[2m > [22m[2mgetLowStockProducts[2m > [22m[2mshould return empty array when no products are low stock
[22m[39mcleanupDatabase took 6ms

[90mstdout[2m | tests/stockService.test.ts[2m > [22m[2mStock Service[2m > [22m[2mgetLowStockProducts[2m > [22m[2mshould return empty array when no products are low stock
[22m[39mcleanupDatabase took 573ms

[90mstdout[2m | tests/stockService.test.ts[2m > [22m[2mStock Service[2m > [22m[2mgetLowStockProducts[2m > [22m[2mshould include products with stock exactly at minimum level
[22m[39mcleanupDatabase took 4ms

[90mstdout[2m | tests/stockService.test.ts[2m > [22m[2mStock Service[2m > [22m[2mgetLowStockProducts[2m > [22m[2mshould include products with stock exactly at minimum level
[22m[39mcleanupDatabase took 873ms

[90mstdout[2m | tests/stockService.test.ts[2m > [22m[2mStock Service[2m > [22m[2mgetOutOfStockProducts[2m > [22m[2mshould return products with zero stock
[22m[39mcleanupDatabase took 4ms

[90mstdout[2m | tests/stockService.test.ts[2m > [22m[2mStock Service[2m > [22m[2mgetOutOfStockProducts[2m > [22m[2mshould return products with zero stock
[22m[39mcleanupDatabase took 504ms

[90mstdout[2m | tests/stockService.test.ts[2m > [22m[2mStock Service[2m > [22m[2mgetOutOfStockProducts[2m > [22m[2mshould return empty array when no products are out of stock
[22m[39mcleanupDatabase took 4ms

[90mstdout[2m | tests/stockService.test.ts[2m > [22m[2mStock Service[2m > [22m[2mgetOutOfStockProducts[2m > [22m[2mshould return empty array when no products are out of stock
[22m[39mcleanupDatabase took 414ms

[90mstdout[2m | tests/stockService.test.ts[2m > [22m[2mStock Service[2m > [22m[2mgetOutOfStockProducts[2m > [22m[2mshould not return inactive products even if they have zero stock
[22m[39mcleanupDatabase took 6ms

[90mstdout[2m | tests/stockService.test.ts[2m > [22m[2mStock Service[2m > [22m[2mgetOutOfStockProducts[2m > [22m[2mshould not return inactive products even if they have zero stock
[22m[39mcleanupDatabase took 489ms

 [32m✓[39m tests/stockService.test.ts [2m([22m[2m26 tests[22m[2m)[22m[33m 35038[2mms[22m[39m
       [33m[2m✓[22m[39m should return current stock information for a product [33m 1273[2mms[22m[39m
       [33m[2m✓[22m[39m should throw error for non-existent product [33m 1157[2mms[22m[39m
       [33m[2m✓[22m[39m should add stock to product and create STOCK movements [33m 1474[2mms[22m[39m
       [33m[2m✓[22m[39m should throw error for non-existent product [33m 1467[2mms[22m[39m
       [33m[2m✓[22m[39m should throw error for inactive product [33m 1775[2mms[22m[39m
       [33m[2m✓[22m[39m should throw error for non-positive quantity [33m 866[2mms[22m[39m
       [33m[2m✓[22m[39m should remove stock from product and create SALE movements [33m 1009[2mms[22m[39m
       [33m[2m✓[22m[39m should throw error for non-existent product [33m 1183[2mms[22m[39m
       [33m[2m✓[22m[39m should throw error for inactive product [33m 1317[2mms[22m[39m
       [33m[2m✓[22m[39m should throw error when removing more stock than available [33m 1117[2mms[22m[39m
       [33m[2m✓[22m[39m should throw error for non-positive quantity [33m 1008[2mms[22m[39m
       [33m[2m✓[22m[39m should increase stock when target is higher than current [33m 1900[2mms[22m[39m
       [33m[2m✓[22m[39m should decrease stock when target is lower than current [33m 1617[2mms[22m[39m
       [33m[2m✓[22m[39m should return early when no adjustment needed [33m 866[2mms[22m[39m
       [33m[2m✓[22m[39m should throw error for non-existent product [33m 1484[2mms[22m[39m
       [33m[2m✓[22m[39m should throw error for inactive product [33m 1375[2mms[22m[39m
       [33m[2m✓[22m[39m should throw error for non-positive quantity [33m 1192[2mms[22m[39m
       [33m[2m✓[22m[39m should return stock movements for a product [33m 1167[2mms[22m[39m
       [33m[2m✓[22m[39m should filter movements by type [33m 1499[2mms[22m[39m
       [33m[2m✓[22m[39m should throw error for non-existent product [33m 1016[2mms[22m[39m
       [33m[2m✓[22m[39m should return products with stock at or below minimum level [33m 1964[2mms[22m[39m
       [33m[2m✓[22m[39m should return empty array when no products are low stock [33m 1277[2mms[22m[39m
       [33m[2m✓[22m[39m should include products with stock exactly at minimum level [33m 1750[2mms[22m[39m
       [33m[2m✓[22m[39m should return products with zero stock [33m 1658[2mms[22m[39m
       [33m[2m✓[22m[39m should return empty array when no products are out of stock [33m 1225[2mms[22m[39m
       [33m[2m✓[22m[39m should not return inactive products even if they have zero stock [33m 1400[2mms[22m[39m
[90mstdout[2m | tests/cashSessionService.test.ts[2m > [22m[2mCash Session Service[2m > [22m[2mopenCashSession[2m > [22m[2mshould open a new cash session correctly
[22m[39mcleanupDatabase took 105ms

[90mstdout[2m | tests/cashSessionService.test.ts[2m > [22m[2mCash Session Service[2m > [22m[2mopenCashSession[2m > [22m[2mshould open a new cash session correctly
[22m[39mcleanupDatabase took 840ms

[90mstdout[2m | tests/cashSessionService.test.ts[2m > [22m[2mCash Session Service[2m > [22m[2mopenCashSession[2m > [22m[2mshould throw error for non-existent cash register
[22m[39mcleanupDatabase took 5ms

[90mstdout[2m | tests/cashSessionService.test.ts[2m > [22m[2mCash Session Service[2m > [22m[2mopenCashSession[2m > [22m[2mshould throw error for non-existent cash register
[22m[39mcleanupDatabase took 496ms

[90mstdout[2m | tests/cashSessionService.test.ts[2m > [22m[2mCash Session Service[2m > [22m[2mopenCashSession[2m > [22m[2mshould throw error for inactive cash register
[22m[39mcleanupDatabase took 7ms

[90mstdout[2m | tests/cashSessionService.test.ts[2m > [22m[2mCash Session Service[2m > [22m[2mopenCashSession[2m > [22m[2mshould throw error for inactive cash register
[22m[39mcleanupDatabase took 232ms

[90mstdout[2m | tests/cashSessionService.test.ts[2m > [22m[2mCash Session Service[2m > [22m[2mopenCashSession[2m > [22m[2mshould throw error when trying to open second session for same register
[22m[39mcleanupDatabase took 4ms

[90mstdout[2m | tests/cashSessionService.test.ts[2m > [22m[2mCash Session Service[2m > [22m[2mopenCashSession[2m > [22m[2mshould throw error when trying to open second session for same register
[22m[39mcleanupDatabase took 571ms

[90mstdout[2m | tests/cashSessionService.test.ts[2m > [22m[2mCash Session Service[2m > [22m[2mopenCashSession[2m > [22m[2mshould throw error for negative opening amount
[22m[39mcleanupDatabase took 6ms

[90mstdout[2m | tests/cashSessionService.test.ts[2m > [22m[2mCash Session Service[2m > [22m[2mopenCashSession[2m > [22m[2mshould throw error for negative opening amount
[22m[39mcleanupDatabase took 633ms

[90mstdout[2m | tests/cashSessionService.test.ts[2m > [22m[2mCash Session Service[2m > [22m[2mgetCashSession[2m > [22m[2mshould return cash session by valid ID
[22m[39mcleanupDatabase took 9ms

[90mstdout[2m | tests/cashSessionService.test.ts[2m > [22m[2mCash Session Service[2m > [22m[2mgetCashSession[2m > [22m[2mshould return cash session by valid ID
[22m[39mcleanupDatabase took 1031ms

[90mstdout[2m | tests/cashSessionService.test.ts[2m > [22m[2mCash Session Service[2m > [22m[2mgetCashSession[2m > [22m[2mshould throw error for non-existent cash session ID
[22m[39mcleanupDatabase took 5ms

[90mstdout[2m | tests/cashSessionService.test.ts[2m > [22m[2mCash Session Service[2m > [22m[2mgetCashSession[2m > [22m[2mshould throw error for non-existent cash session ID
[22m[39mcleanupDatabase took 190ms

[90mstdout[2m | tests/cashSessionService.test.ts[2m > [22m[2mCash Session Service[2m > [22m[2mgetOpenCashSession[2m > [22m[2mshould return open cash session for a cash register
[22m[39mcleanupDatabase took 5ms

[90mstdout[2m | tests/cashSessionService.test.ts[2m > [22m[2mCash Session Service[2m > [22m[2mgetOpenCashSession[2m > [22m[2mshould return open cash session for a cash register
[22m[39mcleanupDatabase took 564ms

[90mstdout[2m | tests/cashSessionService.test.ts[2m > [22m[2mCash Session Service[2m > [22m[2mgetOpenCashSession[2m > [22m[2mshould return null when no open session exists
[22m[39mcleanupDatabase took 6ms

[90mstdout[2m | tests/cashSessionService.test.ts[2m > [22m[2mCash Session Service[2m > [22m[2mgetOpenCashSession[2m > [22m[2mshould return null when no open session exists
[22m[39mcleanupDatabase took 255ms

[90mstdout[2m | tests/cashSessionService.test.ts[2m > [22m[2mCash Session Service[2m > [22m[2mgetOpenCashSession[2m > [22m[2mshould return null for non-existent cash register
[22m[39mcleanupDatabase took 5ms

[90mstdout[2m | tests/cashSessionService.test.ts[2m > [22m[2mCash Session Service[2m > [22m[2mgetOpenCashSession[2m > [22m[2mshould return null for non-existent cash register
[22m[39mcleanupDatabase took 398ms

[90mstdout[2m | tests/cashSessionService.test.ts[2m > [22m[2mCash Session Service[2m > [22m[2mcloseCashSession[2m > [22m[2mshould close cash session correctly
[22m[39mcleanupDatabase took 5ms

[90mstdout[2m | tests/cashSessionService.test.ts[2m > [22m[2mCash Session Service[2m > [22m[2mcloseCashSession[2m > [22m[2mshould close cash session correctly
[22m[39mcleanupDatabase took 531ms

[90mstdout[2m | tests/cashSessionService.test.ts[2m > [22m[2mCash Session Service[2m > [22m[2mcloseCashSession[2m > [22m[2mshould create cash over movement when counted > expected
[22m[39mcleanupDatabase took 5ms

[90mstdout[2m | tests/cashSessionService.test.ts[2m > [22m[2mCash Session Service[2m > [22m[2mcloseCashSession[2m > [22m[2mshould create cash over movement when counted > expected
[22m[39mcleanupDatabase took 465ms

[90mstdout[2m | tests/cashSessionService.test.ts[2m > [22m[2mCash Session Service[2m > [22m[2mcloseCashSession[2m > [22m[2mshould create cash short movement when counted < expected
[22m[39mcleanupDatabase took 5ms

[90mstdout[2m | tests/cashSessionService.test.ts[2m > [22m[2mCash Session Service[2m > [22m[2mcloseCashSession[2m > [22m[2mshould create cash short movement when counted < expected
[22m[39mcleanupDatabase took 816ms

[90mstdout[2m | tests/cashSessionService.test.ts[2m > [22m[2mCash Session Service[2m > [22m[2mcloseCashSession[2m > [22m[2mshould throw error for non-existent cash session
[22m[39mcleanupDatabase took 4ms

[90mstdout[2m | tests/cashSessionService.test.ts[2m > [22m[2mCash Session Service[2m > [22m[2mcloseCashSession[2m > [22m[2mshould throw error for non-existent cash session
[22m[39mcleanupDatabase took 390ms

[90mstdout[2m | tests/cashSessionService.test.ts[2m > [22m[2mCash Session Service[2m > [22m[2mcloseCashSession[2m > [22m[2mshould throw error for already closed session
[22m[39mcleanupDatabase took 4ms

[90mstdout[2m | tests/cashSessionService.test.ts[2m > [22m[2mCash Session Service[2m > [22m[2mcloseCashSession[2m > [22m[2mshould throw error for already closed session
[22m[39mcleanupDatabase took 939ms

[90mstdout[2m | tests/cashSessionService.test.ts[2m > [22m[2mCash Session Service[2m > [22m[2mcloseCashSession[2m > [22m[2mshould throw error for negative counted amount
[22m[39mcleanupDatabase took 3ms

[90mstdout[2m | tests/cashSessionService.test.ts[2m > [22m[2mCash Session Service[2m > [22m[2mcloseCashSession[2m > [22m[2mshould throw error for negative counted amount
[22m[39mcleanupDatabase took 624ms

[90mstdout[2m | tests/cashSessionService.test.ts[2m > [22m[2mCash Session Service[2m > [22m[2mlistCashSessions[2m > [22m[2mshould list all cash sessions when no filters applied
[22m[39mcleanupDatabase took 4ms

[90mstdout[2m | tests/cashSessionService.test.ts[2m > [22m[2mCash Session Service[2m > [22m[2mlistCashSessions[2m > [22m[2mshould list all cash sessions when no filters applied
[22m[39mcleanupDatabase took 616ms

[90mstdout[2m | tests/cashSessionService.test.ts[2m > [22m[2mCash Session Service[2m > [22m[2mlistCashSessions[2m > [22m[2mshould filter by cash register ID
[22m[39mcleanupDatabase took 4ms

[90mstdout[2m | tests/cashSessionService.test.ts[2m > [22m[2mCash Session Service[2m > [22m[2mlistCashSessions[2m > [22m[2mshould filter by cash register ID
[22m[39mcleanupDatabase took 738ms

[90mstdout[2m | tests/cashSessionService.test.ts[2m > [22m[2mCash Session Service[2m > [22m[2mlistCashSessions[2m > [22m[2mshould filter by status
[22m[39mcleanupDatabase took 6ms

[90mstdout[2m | tests/cashSessionService.test.ts[2m > [22m[2mCash Session Service[2m > [22m[2mlistCashSessions[2m > [22m[2mshould filter by status
[22m[39mcleanupDatabase took 685ms

[90mstdout[2m | tests/cashSessionService.test.ts[2m > [22m[2mCash Session Service[2m > [22m[2mlistCashSessions[2m > [22m[2mshould filter by date range
[22m[39mcleanupDatabase took 5ms

[90mstdout[2m | tests/cashSessionService.test.ts[2m > [22m[2mCash Session Service[2m > [22m[2mlistCashSessions[2m > [22m[2mshould filter by date range
[22m[39mcleanupDatabase took 1009ms

[90mstdout[2m | tests/cashSessionService.test.ts[2m > [22m[2mCash Session Service[2m > [22m[2mgetCashSessionSummary[2m > [22m[2mshould return correct summary for a cash register with transactions
[22m[39mcleanupDatabase took 4ms

[90mstdout[2m | tests/cashSessionService.test.ts[2m > [22m[2mCash Session Service[2m > [22m[2mgetCashSessionSummary[2m > [22m[2mshould return correct summary for a cash register with transactions
[22m[39mcleanupDatabase took 1253ms

[90mstdout[2m | tests/cashSessionService.test.ts[2m > [22m[2mCash Session Service[2m > [22m[2mgetCashSessionSummary[2m > [22m[2mshould return correct summary for a closed session
[22m[39mcleanupDatabase took 4ms

[90mstdout[2m | tests/cashSessionService.test.ts[2m > [22m[2mCash Session Service[2m > [22m[2mgetCashSessionSummary[2m > [22m[2mshould return correct summary for a closed session
[22m[39mcleanupDatabase took 1081ms

[90mstdout[2m | tests/cashSessionService.test.ts[2m > [22m[2mCash Session Service[2m > [22m[2mgetCashSessionSummary[2m > [22m[2mshould throw error for non-existent cash session
[22m[39mcleanupDatabase took 5ms

[90mstdout[2m | tests/cashSessionService.test.ts[2m > [22m[2mCash Session Service[2m > [22m[2mgetCashSessionSummary[2m > [22m[2mshould throw error for non-existent cash session
[22m[39mcleanupDatabase took 307ms

 [32m✓[39m tests/cashSessionService.test.ts [2m([22m[2m23 tests[22m[2m)[22m[33m 32407[2mms[22m[39m
       [33m[2m✓[22m[39m should open a new cash session correctly [33m 1587[2mms[22m[39m
       [33m[2m✓[22m[39m should throw error for non-existent cash register [33m 1429[2mms[22m[39m
       [33m[2m✓[22m[39m should throw error for inactive cash register [33m 666[2mms[22m[39m
       [33m[2m✓[22m[39m should throw error when trying to open second session for same register [33m 1158[2mms[22m[39m
       [33m[2m✓[22m[39m should throw error for negative opening amount [33m 1050[2mms[22m[39m
       [33m[2m✓[22m[39m should return cash session by valid ID [33m 1376[2mms[22m[39m
       [33m[2m✓[22m[39m should throw error for non-existent cash session ID [33m 432[2mms[22m[39m
       [33m[2m✓[22m[39m should return open cash session for a cash register [33m 1042[2mms[22m[39m
       [33m[2m✓[22m[39m should return null when no open session exists [33m 516[2mms[22m[39m
       [33m[2m✓[22m[39m should return null for non-existent cash register [33m 783[2mms[22m[39m
       [33m[2m✓[22m[39m should close cash session correctly [33m 1592[2mms[22m[39m
       [33m[2m✓[22m[39m should create cash over movement when counted > expected [33m 1241[2mms[22m[39m
       [33m[2m✓[22m[39m should create cash short movement when counted < expected [33m 1668[2mms[22m[39m
       [33m[2m✓[22m[39m should throw error for non-existent cash session [33m 966[2mms[22m[39m
       [33m[2m✓[22m[39m should throw error for already closed session [33m 1616[2mms[22m[39m
       [33m[2m✓[22m[39m should throw error for negative counted amount [33m 1100[2mms[22m[39m
       [33m[2m✓[22m[39m should list all cash sessions when no filters applied [33m 1866[2mms[22m[39m
       [33m[2m✓[22m[39m should filter by cash register ID [33m 2259[2mms[22m[39m
       [33m[2m✓[22m[39m should filter by status [33m 1724[2mms[22m[39m
       [33m[2m✓[22m[39m should filter by date range [33m 1959[2mms[22m[39m
       [33m[2m✓[22m[39m should return correct summary for a cash register with transactions [33m 3166[2mms[22m[39m
       [33m[2m✓[22m[39m should return correct summary for a closed session [33m 2434[2mms[22m[39m
       [33m[2m✓[22m[39m should throw error for non-existent cash session [33m 775[2mms[22m[39m
[90mstdout[2m | tests/productService.test.ts[2m > [22m[2mProduct Service[2m > [22m[2mcreateProduct[2m > [22m[2mshould create a valid product
[22m[39mcleanupDatabase took 112ms

[90mstdout[2m | tests/productService.test.ts[2m > [22m[2mProduct Service[2m > [22m[2mcreateProduct[2m > [22m[2mshould create a valid product
[22m[39mcleanupDatabase took 557ms

[90mstdout[2m | tests/productService.test.ts[2m > [22m[2mProduct Service[2m > [22m[2mcreateProduct[2m > [22m[2mshould throw error when creating product with duplicate SKU
[22m[39mcleanupDatabase took 6ms

[90mstdout[2m | tests/productService.test.ts[2m > [22m[2mProduct Service[2m > [22m[2mcreateProduct[2m > [22m[2mshould throw error when creating product with duplicate SKU
[22m[39mcleanupDatabase took 456ms

[90mstdout[2m | tests/productService.test.ts[2m > [22m[2mProduct Service[2m > [22m[2mcreateProduct[2m > [22m[2mshould throw error when creating product with negative cost price
[22m[39mcleanupDatabase took 5ms

[90mstdout[2m | tests/productService.test.ts[2m > [22m[2mProduct Service[2m > [22m[2mcreateProduct[2m > [22m[2mshould throw error when creating product with negative cost price
[22m[39mcleanupDatabase took 412ms

[90mstdout[2m | tests/productService.test.ts[2m > [22m[2mProduct Service[2m > [22m[2mcreateProduct[2m > [22m[2mshould throw error when creating product with negative sale price
[22m[39mcleanupDatabase took 5ms

[90mstdout[2m | tests/productService.test.ts[2m > [22m[2mProduct Service[2m > [22m[2mcreateProduct[2m > [22m[2mshould throw error when creating product with negative sale price
[22m[39mcleanupDatabase took 658ms

[90mstdout[2m | tests/productService.test.ts[2m > [22m[2mProduct Service[2m > [22m[2mgetProductById[2m > [22m[2mshould return product by valid ID
[22m[39mcleanupDatabase took 4ms

[90mstdout[2m | tests/productService.test.ts[2m > [22m[2mProduct Service[2m > [22m[2mgetProductById[2m > [22m[2mshould return product by valid ID
[22m[39mcleanupDatabase took 486ms

[90mstdout[2m | tests/productService.test.ts[2m > [22m[2mProduct Service[2m > [22m[2mgetProductById[2m > [22m[2mshould throw error for non-existent product ID
[22m[39mcleanupDatabase took 6ms

[90mstdout[2m | tests/productService.test.ts[2m > [22m[2mProduct Service[2m > [22m[2mgetProductById[2m > [22m[2mshould throw error for non-existent product ID
[22m[39mcleanupDatabase took 181ms

[90mstdout[2m | tests/productService.test.ts[2m > [22m[2mProduct Service[2m > [22m[2mgetProductBySku[2m > [22m[2mshould return product by valid SKU
[22m[39mcleanupDatabase took 9ms

[90mstdout[2m | tests/productService.test.ts[2m > [22m[2mProduct Service[2m > [22m[2mgetProductBySku[2m > [22m[2mshould return product by valid SKU
[22m[39mcleanupDatabase took 471ms

[90mstdout[2m | tests/productService.test.ts[2m > [22m[2mProduct Service[2m > [22m[2mgetProductBySku[2m > [22m[2mshould return null for non-existent SKU
[22m[39mcleanupDatabase took 4ms

[90mstdout[2m | tests/productService.test.ts[2m > [22m[2mProduct Service[2m > [22m[2mgetProductBySku[2m > [22m[2mshould return null for non-existent SKU
[22m[39mcleanupDatabase took 191ms

[90mstdout[2m | tests/productService.test.ts[2m > [22m[2mProduct Service[2m > [22m[2mgetProductByBarcode[2m > [22m[2mshould return product by valid barcode
[22m[39mcleanupDatabase took 4ms

[90mstdout[2m | tests/productService.test.ts[2m > [22m[2mProduct Service[2m > [22m[2mgetProductByBarcode[2m > [22m[2mshould return product by valid barcode
[22m[39mcleanupDatabase took 447ms

[90mstdout[2m | tests/productService.test.ts[2m > [22m[2mProduct Service[2m > [22m[2mgetProductByBarcode[2m > [22m[2mshould return null for non-existent barcode
[22m[39mcleanupDatabase took 5ms

[90mstdout[2m | tests/productService.test.ts[2m > [22m[2mProduct Service[2m > [22m[2mgetProductByBarcode[2m > [22m[2mshould return null for non-existent barcode
[22m[39mcleanupDatabase took 137ms

[90mstdout[2m | tests/productService.test.ts[2m > [22m[2mProduct Service[2m > [22m[2mgetProductByBarcode[2m > [22m[2mshould return null for product without barcode
[22m[39mcleanupDatabase took 6ms

[90mstdout[2m | tests/productService.test.ts[2m > [22m[2mProduct Service[2m > [22m[2mgetProductByBarcode[2m > [22m[2mshould return null for product without barcode
[22m[39mcleanupDatabase took 483ms

[90mstdout[2m | tests/productService.test.ts[2m > [22m[2mProduct Service[2m > [22m[2mupdateProduct[2m > [22m[2mshould update product price correctly
[22m[39mcleanupDatabase took 6ms

[90mstdout[2m | tests/productService.test.ts[2m > [22m[2mProduct Service[2m > [22m[2mupdateProduct[2m > [22m[2mshould update product price correctly
[22m[39mcleanupDatabase took 491ms

[90mstdout[2m | tests/productService.test.ts[2m > [22m[2mProduct Service[2m > [22m[2mupdateProduct[2m > [22m[2mshould throw error when updating with negative cost price
[22m[39mcleanupDatabase took 7ms

[90mstdout[2m | tests/productService.test.ts[2m > [22m[2mProduct Service[2m > [22m[2mupdateProduct[2m > [22m[2mshould throw error when updating with negative cost price
[22m[39mcleanupDatabase took 757ms

[90mstdout[2m | tests/productService.test.ts[2m > [22m[2mProduct Service[2m > [22m[2mupdateProduct[2m > [22m[2mshould throw error when updating with negative sale price
[22m[39mcleanupDatabase took 6ms

[90mstdout[2m | tests/productService.test.ts[2m > [22m[2mProduct Service[2m > [22m[2mupdateProduct[2m > [22m[2mshould throw error when updating with negative sale price
[22m[39mcleanupDatabase took 658ms

[90mstdout[2m | tests/productService.test.ts[2m > [22m[2mProduct Service[2m > [22m[2mdeactivateProduct[2m > [22m[2mshould deactivate product correctly
[22m[39mcleanupDatabase took 6ms

[90mstdout[2m | tests/productService.test.ts[2m > [22m[2mProduct Service[2m > [22m[2mdeactivateProduct[2m > [22m[2mshould deactivate product correctly
[22m[39mcleanupDatabase took 733ms

[90mstdout[2m | tests/productService.test.ts[2m > [22m[2mProduct Service[2m > [22m[2mdeactivateProduct[2m > [22m[2mshould deactivate product as discontinued
[22m[39mcleanupDatabase took 5ms

[90mstdout[2m | tests/productService.test.ts[2m > [22m[2mProduct Service[2m > [22m[2mdeactivateProduct[2m > [22m[2mshould deactivate product as discontinued
[22m[39mcleanupDatabase took 741ms

[90mstdout[2m | tests/productService.test.ts[2m > [22m[2mProduct Service[2m > [22m[2mgetLowStockProducts[2m > [22m[2mshould return products with stock at or below minimum level
[22m[39mcleanupDatabase took 4ms

[90mstdout[2m | tests/productService.test.ts[2m > [22m[2mProduct Service[2m > [22m[2mgetLowStockProducts[2m > [22m[2mshould return products with stock at or below minimum level
[22m[39mcleanupDatabase took 335ms

[90mstdout[2m | tests/productService.test.ts[2m > [22m[2mProduct Service[2m > [22m[2mgetLowStockProducts[2m > [22m[2mshould return empty array when no products are low stock
[22m[39mcleanupDatabase took 5ms

[90mstdout[2m | tests/productService.test.ts[2m > [22m[2mProduct Service[2m > [22m[2mgetLowStockProducts[2m > [22m[2mshould return empty array when no products are low stock
[22m[39mcleanupDatabase took 590ms

 [32m✓[39m tests/productService.test.ts [2m([22m[2m18 tests[22m[2m)[22m[33m 18994[2mms[22m[39m
       [33m[2m✓[22m[39m should create a valid product [33m 1193[2mms[22m[39m
       [33m[2m✓[22m[39m should throw error when creating product with duplicate SKU [33m 901[2mms[22m[39m
       [33m[2m✓[22m[39m should throw error when creating product with negative cost price [33m 715[2mms[22m[39m
       [33m[2m✓[22m[39m should throw error when creating product with negative sale price [33m 1075[2mms[22m[39m
       [33m[2m✓[22m[39m should return product by valid ID [33m 1075[2mms[22m[39m
       [33m[2m✓[22m[39m should throw error for non-existent product ID [33m 683[2mms[22m[39m
       [33m[2m✓[22m[39m should return product by valid SKU [33m 1100[2mms[22m[39m
       [33m[2m✓[22m[39m should return null for non-existent SKU [33m 342[2mms[22m[39m
       [33m[2m✓[22m[39m should return product by valid barcode [33m 1092[2mms[22m[39m
       [33m[2m✓[22m[39m should return null for product without barcode [33m 1003[2mms[22m[39m
       [33m[2m✓[22m[39m should update product price correctly [33m 982[2mms[22m[39m
       [33m[2m✓[22m[39m should throw error when updating with negative cost price [33m 1350[2mms[22m[39m
       [33m[2m✓[22m[39m should throw error when updating with negative sale price [33m 1400[2mms[22m[39m
       [33m[2m✓[22m[39m should deactivate product correctly [33m 1750[2mms[22m[39m
       [33m[2m✓[22m[39m should deactivate product as discontinued [33m 1416[2mms[22m[39m
       [33m[2m✓[22m[39m should return products with stock at or below minimum level [33m 1416[2mms[22m[39m
       [33m[2m✓[22m[39m should return empty array when no products are low stock [33m 1242[2mms[22m[39m
[90mstdout[2m | tests/cashRegisterService.test.ts[2m > [22m[2mCash Register Service[2m > [22m[2mcreateCashRegister[2m > [22m[2mshould create a valid cash register
[22m[39mcleanupDatabase took 105ms

[90mstdout[2m | tests/cashRegisterService.test.ts[2m > [22m[2mCash Register Service[2m > [22m[2mcreateCashRegister[2m > [22m[2mshould create a valid cash register
[22m[39mcleanupDatabase took 339ms

[90mstdout[2m | tests/cashRegisterService.test.ts[2m > [22m[2mCash Register Service[2m > [22m[2mcreateCashRegister[2m > [22m[2mshould throw error for empty name
[22m[39mcleanupDatabase took 5ms

[90mstdout[2m | tests/cashRegisterService.test.ts[2m > [22m[2mCash Register Service[2m > [22m[2mcreateCashRegister[2m > [22m[2mshould throw error for empty name
[22m[39mcleanupDatabase took 157ms

[90mstdout[2m | tests/cashRegisterService.test.ts[2m > [22m[2mCash Register Service[2m > [22m[2mcreateCashRegister[2m > [22m[2mshould throw error for duplicate name
[22m[39mcleanupDatabase took 5ms

[90mstdout[2m | tests/cashRegisterService.test.ts[2m > [22m[2mCash Register Service[2m > [22m[2mcreateCashRegister[2m > [22m[2mshould throw error for duplicate name
[22m[39mcleanupDatabase took 274ms

[90mstdout[2m | tests/cashRegisterService.test.ts[2m > [22m[2mCash Register Service[2m > [22m[2mgetCashRegister[2m > [22m[2mshould return cash register by valid ID
[22m[39mcleanupDatabase took 4ms

[90mstdout[2m | tests/cashRegisterService.test.ts[2m > [22m[2mCash Register Service[2m > [22m[2mgetCashRegister[2m > [22m[2mshould return cash register by valid ID
[22m[39mcleanupDatabase took 342ms

[90mstdout[2m | tests/cashRegisterService.test.ts[2m > [22m[2mCash Register Service[2m > [22m[2mgetCashRegister[2m > [22m[2mshould throw error for non-existent cash register ID
[22m[39mcleanupDatabase took 5ms

[90mstdout[2m | tests/cashRegisterService.test.ts[2m > [22m[2mCash Register Service[2m > [22m[2mgetCashRegister[2m > [22m[2mshould throw error for non-existent cash register ID
[22m[39mcleanupDatabase took 124ms

[90mstdout[2m | tests/cashRegisterService.test.ts[2m > [22m[2mCash Register Service[2m > [22m[2mupdateCashRegister[2m > [22m[2mshould update cash register correctly
[22m[39mcleanupDatabase took 5ms

[90mstdout[2m | tests/cashRegisterService.test.ts[2m > [22m[2mCash Register Service[2m > [22m[2mupdateCashRegister[2m > [22m[2mshould update cash register correctly
[22m[39mcleanupDatabase took 436ms

[90mstdout[2m | tests/cashRegisterService.test.ts[2m > [22m[2mCash Register Service[2m > [22m[2mupdateCashRegister[2m > [22m[2mshould throw error for empty name when updating
[22m[39mcleanupDatabase took 5ms

[90mstdout[2m | tests/cashRegisterService.test.ts[2m > [22m[2mCash Register Service[2m > [22m[2mupdateCashRegister[2m > [22m[2mshould throw error for empty name when updating
[22m[39mcleanupDatabase took 264ms

[90mstdout[2m | tests/cashRegisterService.test.ts[2m > [22m[2mCash Register Service[2m > [22m[2mupdateCashRegister[2m > [22m[2mshould throw error for duplicate name when updating
[22m[39mcleanupDatabase took 5ms

[90mstdout[2m | tests/cashRegisterService.test.ts[2m > [22m[2mCash Register Service[2m > [22m[2mupdateCashRegister[2m > [22m[2mshould throw error for duplicate name when updating
[22m[39mcleanupDatabase took 315ms

[90mstdout[2m | tests/cashRegisterService.test.ts[2m > [22m[2mCash Register Service[2m > [22m[2mupdateCashRegister[2m > [22m[2mshould allow updating to the same name (no change)
[22m[39mcleanupDatabase took 6ms

[90mstdout[2m | tests/cashRegisterService.test.ts[2m > [22m[2mCash Register Service[2m > [22m[2mupdateCashRegister[2m > [22m[2mshould allow updating to the same name (no change)
[22m[39mcleanupDatabase took 275ms

[90mstdout[2m | tests/cashRegisterService.test.ts[2m > [22m[2mCash Register Service[2m > [22m[2mdeactivateCashRegister[2m > [22m[2mshould deactivate cash register correctly
[22m[39mcleanupDatabase took 4ms

[90mstdout[2m | tests/cashRegisterService.test.ts[2m > [22m[2mCash Register Service[2m > [22m[2mdeactivateCashRegister[2m > [22m[2mshould deactivate cash register correctly
[22m[39mcleanupDatabase took 375ms

[90mstdout[2m | tests/cashRegisterService.test.ts[2m > [22m[2mCash Register Service[2m > [22m[2mdeactivateCashRegister[2m > [22m[2mshould throw error when trying to deactivate register with open session
[22m[39mcleanupDatabase took 8ms

[90mstdout[2m | tests/cashRegisterService.test.ts[2m > [22m[2mCash Register Service[2m > [22m[2mdeactivateCashRegister[2m > [22m[2mshould throw error when trying to deactivate register with open session
[22m[39mcleanupDatabase took 731ms

[90mstdout[2m | tests/cashRegisterService.test.ts[2m > [22m[2mCash Register Service[2m > [22m[2mactivateCashRegister[2m > [22m[2mshould activate cash register correctly
[22m[39mcleanupDatabase took 5ms

[90mstdout[2m | tests/cashRegisterService.test.ts[2m > [22m[2mCash Register Service[2m > [22m[2mactivateCashRegister[2m > [22m[2mshould activate cash register correctly
[22m[39mcleanupDatabase took 300ms

[90mstdout[2m | tests/cashRegisterService.test.ts[2m > [22m[2mCash Register Service[2m > [22m[2mlistCashRegisters[2m > [22m[2mshould list all cash registers when no filters applied
[22m[39mcleanupDatabase took 5ms

[90mstdout[2m | tests/cashRegisterService.test.ts[2m > [22m[2mCash Register Service[2m > [22m[2mlistCashRegisters[2m > [22m[2mshould list all cash registers when no filters applied
[22m[39mcleanupDatabase took 235ms

[90mstdout[2m | tests/cashRegisterService.test.ts[2m > [22m[2mCash Register Service[2m > [22m[2mlistCashRegisters[2m > [22m[2mshould list only active cash registers when activeOnly filter is true
[22m[39mcleanupDatabase took 6ms

[90mstdout[2m | tests/cashRegisterService.test.ts[2m > [22m[2mCash Register Service[2m > [22m[2mlistCashRegisters[2m > [22m[2mshould list only active cash registers when activeOnly filter is true
[22m[39mcleanupDatabase took 247ms

[90mstdout[2m | tests/cashRegisterService.test.ts[2m > [22m[2mCash Register Service[2m > [22m[2mlistCashRegisters[2m > [22m[2mshould filter by search term
[22m[39mcleanupDatabase took 5ms

[90mstdout[2m | tests/cashRegisterService.test.ts[2m > [22m[2mCash Register Service[2m > [22m[2mlistCashRegisters[2m > [22m[2mshould filter by search term
[22m[39mcleanupDatabase took 344ms

[90mstdout[2m | tests/cashRegisterService.test.ts[2m > [22m[2mCash Register Service[2m > [22m[2mlistCashRegisters[2m > [22m[2mshould return empty array when no matches found
[22m[39mcleanupDatabase took 5ms

[90mstdout[2m | tests/cashRegisterService.test.ts[2m > [22m[2mCash Register Service[2m > [22m[2mlistCashRegisters[2m > [22m[2mshould return empty array when no matches found
[22m[39mcleanupDatabase took 590ms

[90mstdout[2m | tests/cashRegisterService.test.ts[2m > [22m[2mCash Register Service[2m > [22m[2mlistCashRegisters[2m > [22m[2mshould paginate results correctly
[22m[39mcleanupDatabase took 6ms

[90mstdout[2m | tests/cashRegisterService.test.ts[2m > [22m[2mCash Register Service[2m > [22m[2mlistCashRegisters[2m > [22m[2mshould paginate results correctly
[22m[39mcleanupDatabase took 494ms

[90mstdout[2m | tests/cashRegisterService.test.ts[2m > [22m[2mCash Register Service[2m > [22m[2mgetCashRegisterStatistics[2m > [22m[2mshould return correct statistics for a cash register
[22m[39mcleanupDatabase took 5ms

[90mstdout[2m | tests/cashRegisterService.test.ts[2m > [22m[2mCash Register Service[2m > [22m[2mgetCashRegisterStatistics[2m > [22m[2mshould return correct statistics for a cash register
[22m[39mcleanupDatabase took 1143ms

[90mstdout[2m | tests/cashRegisterService.test.ts[2m > [22m[2mCash Register Service[2m > [22m[2mgetCashRegisterStatistics[2m > [22m[2mshould throw error for non-existent cash register
[22m[39mcleanupDatabase took 6ms

[90mstdout[2m | tests/cashRegisterService.test.ts[2m > [22m[2mCash Register Service[2m > [22m[2mgetCashRegisterStatistics[2m > [22m[2mshould throw error for non-existent cash register
[22m[39mcleanupDatabase took 157ms

 [32m✓[39m tests/cashRegisterService.test.ts [2m([22m[2m19 tests[22m[2m)[22m[33m 20441[2mms[22m[39m
       [33m[2m✓[22m[39m should create a valid cash register [33m 698[2mms[22m[39m
       [33m[2m✓[22m[39m should throw error for empty name [33m 350[2mms[22m[39m
       [33m[2m✓[22m[39m should throw error for duplicate name [33m 558[2mms[22m[39m
       [33m[2m✓[22m[39m should return cash register by valid ID [33m 625[2mms[22m[39m
       [33m[2m✓[22m[39m should update cash register correctly [33m 854[2mms[22m[39m
       [33m[2m✓[22m[39m should throw error for empty name when updating [33m 645[2mms[22m[39m
       [33m[2m✓[22m[39m should throw error for duplicate name when updating [33m 626[2mms[22m[39m
       [33m[2m✓[22m[39m should allow updating to the same name (no change) [33m 999[2mms[22m[39m
       [33m[2m✓[22m[39m should deactivate cash register correctly [33m 1025[2mms[22m[39m
       [33m[2m✓[22m[39m should throw error when trying to deactivate register with open session [33m 1408[2mms[22m[39m
       [33m[2m✓[22m[39m should activate cash register correctly [33m 892[2mms[22m[39m
       [33m[2m✓[22m[39m should list all cash registers when no filters applied [33m 991[2mms[22m[39m
       [33m[2m✓[22m[39m should list only active cash registers when activeOnly filter is true [33m 992[2mms[22m[39m
       [33m[2m✓[22m[39m should filter by search term [33m 1083[2mms[22m[39m
       [33m[2m✓[22m[39m should return empty array when no matches found [33m 1042[2mms[22m[39m
       [33m[2m✓[22m[39m should paginate results correctly [33m 3683[2mms[22m[39m
       [33m[2m✓[22m[39m should return correct statistics for a cash register [33m 3374[2mms[22m[39m
       [33m[2m✓[22m[39m should throw error for non-existent cash register [33m 309[2mms[22m[39m
[90mstdout[2m | tests/service-env-test.test.ts[2m > [22m[2mService Environment Test[2m > [22m[2mshould show NODE_ENV
[22m[39mNODE_ENV: test

[90mstdout[2m | tests/service-env-test.test.ts[2m > [22m[2mService Environment Test[2m > [22m[2mshould be able to create a product using the service
[22m[39mCreated category: 11111111-1111-1111-1111-111111111111

[90mstdout[2m | tests/service-env-test.test.ts[2m > [22m[2mService Environment Test[2m > [22m[2mshould be able to create a product using the service
[22m[39mCreated product: {
  id: [32m'3caaee3d-3757-46bc-9912-13650bbb59be'[39m,
  name: [32m'Test Product'[39m,
  description: [1mnull[22m,
  sku: [32m'TEST001'[39m,
  barcode: [1mnull[22m,
  categoryId: [32m'11111111-1111-1111-1111-111111111111'[39m,
  supplierId: [1mnull[22m,
  costPrice: [33m10[39m,
  salePrice: [33m15[39m,
  stockQuantity: [33m100[39m,
  minStockLevel: [33m5[39m,
  maxStockLevel: [33m1000[39m,
  status: [32m'ACTIVE'[39m,
  isFeatured: [33mfalse[39m,
  unit: [32m'unidade'[39m,
  createdAt: [35m2026-08-10T22:32:10.723Z[39m,
  updatedAt: [35m2026-08-10T22:32:10.723Z[39m
}

 [32m✓[39m tests/service-env-test.test.ts [2m([22m[2m2 tests[22m[2m)[22m[33m 534[2mms[22m[39m
     [33m[2m✓[22m[39m should be able to create a product using the service [33m 528[2mms[22m[39m
[90mstdout[2m | tests/env-test.test.ts[2m > [22m[2mEnvironment Test[2m > [22m[2mshould show NODE_ENV
[22m[39mNODE_ENV: test

 [32m✓[39m tests/env-test.test.ts [2m([22m[2m1 test[22m[2m)[22m[32m 5[2mms[22m[39m

[31m⎯⎯⎯⎯⎯⎯[39m[1m[41m Failed Suites 1 [49m[22m[31m⎯⎯⎯⎯⎯⎯⎯[39m

[41m[1m FAIL [22m[49m tests/paymentService.test.ts[2m [ tests/paymentService.test.ts ][22m
[31m[1mError[22m: Cannot find module '../src/services/paymentService' imported from C:/Users/silva/OneDrive/git github felipe/SistemaEstoqueSite/tests/paymentService.test.ts[39m
[36m [2m❯[22m tests/paymentService.test.ts:[2m2:1[22m[39m
    [90m  1|[39m [35mimport[39m { describe[33m,[39m beforeEach[33m,[39m afterEach[33m,[39m it[33m,[39m expect } [35mfrom[39m [32m'vitest'[39m[33m;[39m
    [90m  2|[39m [35mimport[39m { [33mPaymentService[39m } [35mfrom[39m [32m'../src/services/paymentService'[39m[33m;[39m
    [90m   |[39m [31m^[39m
    [90m  3|[39m [35mimport[39m { [33mSaleService[39m } [35mfrom[39m [32m'../src/services/saleService'[39m[33m;[39m
    [90m  4|[39m [35mimport[39m { [33mProductService[39m } [35mfrom[39m [32m'../src/services/productService'[39m[33m;[39m

[31m[2m⎯⎯⎯⎯⎯⎯⎯⎯⎯⎯⎯⎯⎯⎯⎯⎯⎯⎯⎯⎯⎯⎯⎯[1/45]⎯[22m[39m


[31m⎯⎯⎯⎯⎯⎯[39m[1m[41m Failed Tests 44 [49m[22m[31m⎯⎯⎯⎯⎯⎯⎯[39m

[41m[1m FAIL [22m[49m tests/cashMovementService.test.ts[2m > [22mCash Movement Service[2m > [22mcreateCashMovement[2m > [22mshould create a valid cash movement
[31m[1mError[22m: Created by ID is required[39m
[36m [2m❯[22m CashMovementService.createCashMovement src/services/cashMovementService.ts:[2m27:35[22m[39m
    [90m 25|[39m     [90m// Validate inputs[39m
    [90m 26|[39m     if (!input.cashSessionId) throw new Error('Cash session ID is requ…
    [90m 27|[39m     if (!input.createdById) throw new Error('Created by ID is required…
    [90m   |[39m                                   [31m^[39m
    [90m 28|[39m     if (!input.amount || Number(input.amount) <= 0) throw new Error('A…
    [90m 29|[39m
[90m [2m❯[22m tests/cashMovementService.test.ts:[2m46:50[22m[39m

[31m[2m⎯⎯⎯⎯⎯⎯⎯⎯⎯⎯⎯⎯⎯⎯⎯⎯⎯⎯⎯⎯⎯⎯⎯[2/45]⎯[22m[39m

[41m[1m FAIL [22m[49m tests/cashMovementService.test.ts[2m > [22mCash Movement Service[2m > [22mcreateCashMovement[2m > [22mshould throw error for non-existent cash session
[31m[1mAssertionError[22m: expected [Function] to throw error including 'Cash session not found' but got 'Created by ID is required'[39m

Expected: [32m"C[7mash session not foun[27md"[39m
Received: [31m"C[7mreated by ID is require[27md"[39m

[36m [2m❯[22m tests/cashMovementService.test.ts:[2m67:8[22m[39m
    [90m 65|[39m           performedById[33m:[39m adminUser[33m.[39mid
    [90m 66|[39m         })
    [90m 67|[39m       )[33m.[39mrejects[33m.[39m[34mtoThrow[39m([32m'Cash session not found'[39m)[33m;[39m
    [90m   |[39m        [31m^[39m
    [90m 68|[39m     })[33m;[39m
    [90m 69|[39m

[31m[2m⎯⎯⎯⎯⎯⎯⎯⎯⎯⎯⎯⎯⎯⎯⎯⎯⎯⎯⎯⎯⎯⎯⎯[3/45]⎯[22m[39m

[41m[1m FAIL [22m[49m tests/cashMovementService.test.ts[2m > [22mCash Movement Service[2m > [22mcreateCashMovement[2m > [22mshould throw error for closed cash session
[31m[1mAssertionError[22m: expected [Function] to throw error including 'Cannot create movements for closed ca…' but got 'Created by ID is required'[39m

Expected: [32m"C[7mannot create movements for closed cash session[27m"[39m
Received: [31m"C[7mreated by ID is required[27m"[39m

[36m [2m❯[22m tests/cashMovementService.test.ts:[2m87:8[22m[39m
    [90m 85|[39m           performedById[33m:[39m adminUser[33m.[39mid
    [90m 86|[39m         })
    [90m 87|[39m       ).rejects.toThrow('Cannot create movements for closed cash sessi…
    [90m   |[39m        [31m^[39m
    [90m 88|[39m     })[33m;[39m
    [90m 89|[39m

[31m[2m⎯⎯⎯⎯⎯⎯⎯⎯⎯⎯⎯⎯⎯⎯⎯⎯⎯⎯⎯⎯⎯⎯⎯[4/45]⎯[22m[39m

[41m[1m FAIL [22m[49m tests/cashMovementService.test.ts[2m > [22mCash Movement Service[2m > [22mcreateCashMovement[2m > [22mshould throw error for invalid movement type
[31m[1mAssertionError[22m: expected [Function] to throw error including 'Invalid cash movement type' but got 'Created by ID is required'[39m

Expected: [32m"Invalid cash movement type"[39m
Received: [31m"Created by ID is required"[39m

[36m [2m❯[22m tests/cashMovementService.test.ts:[2m99:8[22m[39m
    [90m 97|[39m           performedById[33m:[39m adminUser[33m.[39mid
    [90m 98|[39m         })
    [90m 99|[39m       )[33m.[39mrejects[33m.[39m[34mtoThrow[39m([32m'Invalid cash movement type'[39m)[33m;[39m
    [90m   |[39m        [31m^[39m
    [90m100|[39m     })[33m;[39m
    [90m101|[39m

[31m[2m⎯⎯⎯⎯⎯⎯⎯⎯⎯⎯⎯⎯⎯⎯⎯⎯⎯⎯⎯⎯⎯⎯⎯[5/45]⎯[22m[39m

[41m[1m FAIL [22m[49m tests/cashMovementService.test.ts[2m > [22mCash Movement Service[2m > [22mcreateCashMovement[2m > [22mshould throw error for negative amount
[31m[1mAssertionError[22m: expected [Function] to throw error including 'Amount must be positive' but got 'Created by ID is required'[39m

Expected: [32m"Amount must be positive"[39m
Received: [31m"Created by ID is required"[39m

[36m [2m❯[22m tests/cashMovementService.test.ts:[2m111:8[22m[39m
    [90m109|[39m           performedById[33m:[39m adminUser[33m.[39mid
    [90m110|[39m         })
    [90m111|[39m       )[33m.[39mrejects[33m.[39m[34mtoThrow[39m([32m'Amount must be positive'[39m)[33m;[39m
    [90m   |[39m        [31m^[39m
    [90m112|[39m     })[33m;[39m
    [90m113|[39m

[31m[2m⎯⎯⎯⎯⎯⎯⎯⎯⎯⎯⎯⎯⎯⎯⎯⎯⎯⎯⎯⎯⎯⎯⎯[6/45]⎯[22m[39m

[41m[1m FAIL [22m[49m tests/cashMovementService.test.ts[2m > [22mCash Movement Service[2m > [22mcreateCashMovement[2m > [22mshould throw error for zero amount
[31m[1mAssertionError[22m: expected [Function] to throw error including 'Amount must be positive' but got 'Created by ID is required'[39m

Expected: [32m"Amount must be positive"[39m
Received: [31m"Created by ID is required"[39m

[36m [2m❯[22m tests/cashMovementService.test.ts:[2m123:8[22m[39m
    [90m121|[39m           performedById[33m:[39m adminUser[33m.[39mid
    [90m122|[39m         })
    [90m123|[39m       )[33m.[39mrejects[33m.[39m[34mtoThrow[39m([32m'Amount must be positive'[39m)[33m;[39m
    [90m   |[39m        [31m^[39m
    [90m124|[39m     })[33m;[39m
    [90m125|[39m

[31m[2m⎯⎯⎯⎯⎯⎯⎯⎯⎯⎯⎯⎯⎯⎯⎯⎯⎯⎯⎯⎯⎯⎯⎯[7/45]⎯[22m[39m

[41m[1m FAIL [22m[49m tests/cashMovementService.test.ts[2m > [22mCash Movement Service[2m > [22mcreateCashMovement[2m > [22mshould throw error for empty description
[31m[1mAssertionError[22m: expected [Function] to throw error including 'Description is required' but got 'Created by ID is required'[39m

Expected: [32m"[7mDescription[27m is required"[39m
Received: [31m"[7mCreated by ID[27m is required"[39m

[36m [2m❯[22m tests/cashMovementService.test.ts:[2m135:8[22m[39m
    [90m133|[39m           performedById[33m:[39m adminUser[33m.[39mid
    [90m134|[39m         })
    [90m135|[39m       )[33m.[39mrejects[33m.[39m[34mtoThrow[39m([32m'Description is required'[39m)[33m;[39m
    [90m   |[39m        [31m^[39m
    [90m136|[39m     })[33m;[39m
    [90m137|[39m

[31m[2m⎯⎯⎯⎯⎯⎯⎯⎯⎯⎯⎯⎯⎯⎯⎯⎯⎯⎯⎯⎯⎯⎯⎯[8/45]⎯[22m[39m

[41m[1m FAIL [22m[49m tests/cashMovementService.test.ts[2m > [22mCash Movement Service[2m > [22mcreateCashMovement[2m > [22mshould throw error for whitespace-only description
[31m[1mAssertionError[22m: expected [Function] to throw error including 'Description is required' but got 'Created by ID is required'[39m

Expected: [32m"[7mDescription[27m is required"[39m
Received: [31m"[7mCreated by ID[27m is required"[39m

[36m [2m❯[22m tests/cashMovementService.test.ts:[2m147:8[22m[39m
    [90m145|[39m           performedById[33m:[39m adminUser[33m.[39mid
    [90m146|[39m         })
    [90m147|[39m       )[33m.[39mrejects[33m.[39m[34mtoThrow[39m([32m'Description is required'[39m)[33m;[39m
    [90m   |[39m        [31m^[39m
    [90m148|[39m     })[33m;[39m
    [90m149|[39m   })[33m;[39m

[31m[2m⎯⎯⎯⎯⎯⎯⎯⎯⎯⎯⎯⎯⎯⎯⎯⎯⎯⎯⎯⎯⎯⎯⎯[9/45]⎯[22m[39m

[41m[1m FAIL [22m[49m tests/cashMovementService.test.ts[2m > [22mCash Movement Service[2m > [22mgetCashMovement[2m > [22mshould return cash movement by valid ID
[31m[1mError[22m: Created by ID is required[39m
[36m [2m❯[22m CashMovementService.createCashMovement src/services/cashMovementService.ts:[2m27:35[22m[39m
    [90m 25|[39m     [90m// Validate inputs[39m
    [90m 26|[39m     if (!input.cashSessionId) throw new Error('Cash session ID is requ…
    [90m 27|[39m     if (!input.createdById) throw new Error('Created by ID is required…
    [90m   |[39m                                   [31m^[39m
    [90m 28|[39m     if (!input.amount || Number(input.amount) <= 0) throw new Error('A…
    [90m 29|[39m
[90m [2m❯[22m tests/cashMovementService.test.ts:[2m154:57[22m[39m

[31m[2m⎯⎯⎯⎯⎯⎯⎯⎯⎯⎯⎯⎯⎯⎯⎯⎯⎯⎯⎯⎯⎯⎯[10/45]⎯[22m[39m

[41m[1m FAIL [22m[49m tests/cashMovementService.test.ts[2m > [22mCash Movement Service[2m > [22mgetCashMovement[2m > [22mshould throw error for non-existent cash movement ID
[31m[1mTypeError[22m: CashMovementService.getCashMovement is not a function[39m
[36m [2m❯[22m tests/cashMovementService.test.ts:[2m176:29[22m[39m
    [90m174|[39m     it('should throw error for non-existent cash movement ID', async (…
    [90m175|[39m       [35mawait[39m [34mexpect[39m(
    [90m176|[39m         [33mCashMovementService[39m[33m.[39m[34mgetCashMovement[39m([32m'non-existent-id'[39m)
    [90m   |[39m                             [31m^[39m
    [90m177|[39m       )[33m.[39mrejects[33m.[39m[34mtoThrow[39m([32m'Cash movement not found'[39m)[33m;[39m
    [90m178|[39m     })[33m;[39m

[31m[2m⎯⎯⎯⎯⎯⎯⎯⎯⎯⎯⎯⎯⎯⎯⎯⎯⎯⎯⎯⎯⎯⎯[11/45]⎯[22m[39m

[41m[1m FAIL [22m[49m tests/cashMovementService.test.ts[2m > [22mCash Movement Service[2m > [22mgetCashMovementsBySession[2m > [22mshould return all cash movements for a session
[31m[1mError[22m: Created by ID is required[39m
[36m [2m❯[22m CashMovementService.createCashMovement src/services/cashMovementService.ts:[2m27:35[22m[39m
    [90m 25|[39m     [90m// Validate inputs[39m
    [90m 26|[39m     if (!input.cashSessionId) throw new Error('Cash session ID is requ…
    [90m 27|[39m     if (!input.createdById) throw new Error('Created by ID is required…
    [90m   |[39m                                   [31m^[39m
    [90m 28|[39m     if (!input.amount || Number(input.amount) <= 0) throw new Error('A…
    [90m 29|[39m
[90m [2m❯[22m tests/cashMovementService.test.ts:[2m184:51[22m[39m

[31m[2m⎯⎯⎯⎯⎯⎯⎯⎯⎯⎯⎯⎯⎯⎯⎯⎯⎯⎯⎯⎯⎯⎯[12/45]⎯[22m[39m

[41m[1m FAIL [22m[49m tests/cashMovementService.test.ts[2m > [22mCash Movement Service[2m > [22mgetCashMovementsBySession[2m > [22mshould return empty array when no movements exist
[31m[1mTypeError[22m: CashMovementService.getCashMovementsBySession is not a function[39m
[36m [2m❯[22m tests/cashMovementService.test.ts:[2m219:51[22m[39m
    [90m217|[39m
    [90m218|[39m     it('should return empty array when no movements exist', async () =…
    [90m219|[39m       const movements = await CashMovementService.getCashMovementsBySe…
    [90m   |[39m                                                   [31m^[39m
    [90m220|[39m       [34mexpect[39m(movements)[33m.[39m[34mtoHaveLength[39m([34m0[39m)[33m;[39m
    [90m221|[39m     })[33m;[39m

[31m[2m⎯⎯⎯⎯⎯⎯⎯⎯⎯⎯⎯⎯⎯⎯⎯⎯⎯⎯⎯⎯⎯⎯[13/45]⎯[22m[39m

[41m[1m FAIL [22m[49m tests/cashMovementService.test.ts[2m > [22mCash Movement Service[2m > [22mgetCashMovementsBySession[2m > [22mshould throw error for non-existent cash session
[31m[1mTypeError[22m: CashMovementService.getCashMovementsBySession is not a function[39m
[36m [2m❯[22m tests/cashMovementService.test.ts:[2m225:29[22m[39m
    [90m223|[39m     it('should throw error for non-existent cash session', async () =>…
    [90m224|[39m       [35mawait[39m [34mexpect[39m(
    [90m225|[39m         CashMovementService.getCashMovementsBySession('non-existent-id…
    [90m   |[39m                             [31m^[39m
    [90m226|[39m       )[33m.[39mrejects[33m.[39m[34mtoThrow[39m([32m'Cash session not found'[39m)[33m;[39m
    [90m227|[39m     })[33m;[39m

[31m[2m⎯⎯⎯⎯⎯⎯⎯⎯⎯⎯⎯⎯⎯⎯⎯⎯⎯⎯⎯⎯⎯⎯[14/45]⎯[22m[39m

[41m[1m FAIL [22m[49m tests/cashMovementService.test.ts[2m > [22mCash Movement Service[2m > [22mgetCashMovementsByType[2m > [22mshould return cash movements filtered by type
[31m[1mError[22m: Created by ID is required[39m
[36m [2m❯[22m CashMovementService.createCashMovement src/services/cashMovementService.ts:[2m27:35[22m[39m
    [90m 25|[39m     [90m// Validate inputs[39m
    [90m 26|[39m     if (!input.cashSessionId) throw new Error('Cash session ID is requ…
    [90m 27|[39m     if (!input.createdById) throw new Error('Created by ID is required…
    [90m   |[39m                                   [31m^[39m
    [90m 28|[39m     if (!input.amount || Number(input.amount) <= 0) throw new Error('A…
    [90m 29|[39m
[90m [2m❯[22m tests/cashMovementService.test.ts:[2m233:33[22m[39m

[31m[2m⎯⎯⎯⎯⎯⎯⎯⎯⎯⎯⎯⎯⎯⎯⎯⎯⎯⎯⎯⎯⎯⎯[15/45]⎯[22m[39m

[41m[1m FAIL [22m[49m tests/cashMovementService.test.ts[2m > [22mCash Movement Service[2m > [22mgetCashMovementsByType[2m > [22mshould return empty array when no movements of specified type exist
[31m[1mError[22m: Created by ID is required[39m
[36m [2m❯[22m CashMovementService.createCashMovement src/services/cashMovementService.ts:[2m27:35[22m[39m
    [90m 25|[39m     [90m// Validate inputs[39m
    [90m 26|[39m     if (!input.cashSessionId) throw new Error('Cash session ID is requ…
    [90m 27|[39m     if (!input.createdById) throw new Error('Created by ID is required…
    [90m   |[39m                                   [31m^[39m
    [90m 28|[39m     if (!input.amount || Number(input.amount) <= 0) throw new Error('A…
    [90m 29|[39m
[90m [2m❯[22m tests/cashMovementService.test.ts:[2m281:33[22m[39m

[31m[2m⎯⎯⎯⎯⎯⎯⎯⎯⎯⎯⎯⎯⎯⎯⎯⎯⎯⎯⎯⎯⎯⎯[16/45]⎯[22m[39m

[41m[1m FAIL [22m[49m tests/cashMovementService.test.ts[2m > [22mCash Movement Service[2m > [22mgetCashMovementsByType[2m > [22mshould throw error for invalid movement type
[31m[1mTypeError[22m: CashMovementService.getCashMovementsByType is not a function[39m
[36m [2m❯[22m tests/cashMovementService.test.ts:[2m300:29[22m[39m
    [90m298|[39m     [34mit[39m([32m'should throw error for invalid movement type'[39m[33m,[39m [35masync[39m () [33m=>[39m {
    [90m299|[39m       [35mawait[39m [34mexpect[39m(
    [90m300|[39m         [33mCashMovementService[39m[33m.[39m[34mgetCashMovementsByType[39m(
    [90m   |[39m                             [31m^[39m
    [90m301|[39m           testCashSession[33m.[39mid[33m,[39m
    [90m302|[39m           [32m'INVALID_TYPE'[39m [35mas[39m any

[31m[2m⎯⎯⎯⎯⎯⎯⎯⎯⎯⎯⎯⎯⎯⎯⎯⎯⎯⎯⎯⎯⎯⎯[17/45]⎯[22m[39m

[41m[1m FAIL [22m[49m tests/cashMovementService.test.ts[2m > [22mCash Movement Service[2m > [22mgetCashMovementsByType[2m > [22mshould throw error for non-existent cash session
[31m[1mTypeError[22m: CashMovementService.getCashMovementsByType is not a function[39m
[36m [2m❯[22m tests/cashMovementService.test.ts:[2m309:29[22m[39m
    [90m307|[39m     it('should throw error for non-existent cash session', async () =>…
    [90m308|[39m       [35mawait[39m [34mexpect[39m(
    [90m309|[39m         CashMovementService.getCashMovementsByType('non-existent-id', …
    [90m   |[39m                             [31m^[39m
    [90m310|[39m       )[33m.[39mrejects[33m.[39m[34mtoThrow[39m([32m'Cash session not found'[39m)[33m;[39m
    [90m311|[39m     })[33m;[39m

[31m[2m⎯⎯⎯⎯⎯⎯⎯⎯⎯⎯⎯⎯⎯⎯⎯⎯⎯⎯⎯⎯⎯⎯[18/45]⎯[22m[39m

[41m[1m FAIL [22m[49m tests/purchaseService.test.ts[2m > [22mPurchase Service[2m > [22mcreatePurchase[2m > [22mshould create a valid purchase
[31m[1mAssertionError[22m: expected 240 to be 240 // Object.is equality[39m

[32m- Expected:[39m
240

[31m+ Received:[39m
Decimal2 {
  "constructor": [Function Decimal2],
  "d": [
    240,
  ],
  "e": 2,
  "s": 1,
}

[36m [2m❯[22m tests/purchaseService.test.ts:[2m80:48[22m[39m
    [90m 78|[39m       [90m// expect(result.purchaseOrder.purchaseNumber).toBeDefined();[39m
    [90m 79|[39m       [34mexpect[39m(result[33m.[39mpurchaseOrder[33m.[39msupplierId)[33m.[39m[34mtoBe[39m(testSupplier[33m.[39mid)[33m;[39m
    [90m 80|[39m       [34mexpect[39m(result[33m.[39mpurchaseOrder[33m.[39mtotalAmount)[33m.[39m[34mtoBe[39m([34m240.0[39m)[33m;[39m [90m// 30 * 8.0[39m
    [90m   |[39m                                                [31m^[39m
    [90m 81|[39m       // Note: The PurchaseOrder model doesn't have separate subtotal …
    [90m 82|[39m       [90m// expect(result.purchaseOrder.subtotal).toBe(240.0);[39m

[31m[2m⎯⎯⎯⎯⎯⎯⎯⎯⎯⎯⎯⎯⎯⎯⎯⎯⎯⎯⎯⎯⎯⎯[19/45]⎯[22m[39m

[41m[1m FAIL [22m[49m tests/purchaseService.test.ts[2m > [22mPurchase Service[2m > [22mcreatePurchase[2m > [22mshould calculate tax correctly
[31m[1mAssertionError[22m: expected 1000 to be 1150 // Object.is equality[39m

[32m- Expected:[39m
1150

[31m+ Received:[39m
Decimal2 {
  "constructor": [Function Decimal2],
  "d": [
    1000,
  ],
  "e": 3,
  "s": 1,
}

[36m [2m❯[22m tests/purchaseService.test.ts:[2m120:48[22m[39m
    [90m118|[39m       // Note: The PurchaseOrder model doesn't have separate taxAmount…
    [90m119|[39m       [90m// The totalAmount should include any taxes[39m
    [90m120|[39m       expect(result.purchaseOrder.totalAmount).toBe(1150.0); // 1000 +…
    [90m   |[39m                                                [31m^[39m
    [90m121|[39m       // Note: The service doesn't seem to calculate taxAmount or subt…
    [90m122|[39m       // We'd need to check what fields are actually available on the …

[31m[2m⎯⎯⎯⎯⎯⎯⎯⎯⎯⎯⎯⎯⎯⎯⎯⎯⎯⎯⎯⎯⎯⎯[20/45]⎯[22m[39m

[41m[1m FAIL [22m[49m tests/purchaseService.test.ts[2m > [22mPurchase Service[2m > [22mcreatePurchase[2m > [22mshould calculate discount correctly
[31m[1mAssertionError[22m: expected 500 to be 475 // Object.is equality[39m

[32m- Expected:[39m
475

[31m+ Received:[39m
Decimal2 {
  "constructor": [Function Decimal2],
  "d": [
    500,
  ],
  "e": 2,
  "s": 1,
}

[36m [2m❯[22m tests/purchaseService.test.ts:[2m147:48[22m[39m
    [90m145|[39m       // Note: The PurchaseOrder model doesn't have separate discountA…
    [90m146|[39m       [90m// The totalAmount should reflect any discounts[39m
    [90m147|[39m       [34mexpect[39m(result[33m.[39mpurchaseOrder[33m.[39mtotalAmount)[33m.[39m[34mtoBe[39m([34m475.0[39m)[33m;[39m [90m// 500 - 25[39m
    [90m   |[39m                                                [31m^[39m
    [90m148|[39m       // Note: The service doesn't seem to calculate discountAmount or…
    [90m149|[39m     })[33m;[39m

[31m[2m⎯⎯⎯⎯⎯⎯⎯⎯⎯⎯⎯⎯⎯⎯⎯⎯⎯⎯⎯⎯⎯⎯[21/45]⎯[22m[39m

[41m[1m FAIL [22m[49m tests/purchaseService.test.ts[2m > [22mPurchase Service[2m > [22mcreatePurchase[2m > [22mshould handle both tax and discount
[31m[1mAssertionError[22m: expected 1000 to be 1078 // Object.is equality[39m

[32m- Expected:[39m
1078

[31m+ Received:[39m
Decimal2 {
  "constructor": [Function Decimal2],
  "d": [
    1000,
  ],
  "e": 3,
  "s": 1,
}

[36m [2m❯[22m tests/purchaseService.test.ts:[2m177:48[22m[39m
    [90m175|[39m       // Note: The PurchaseOrder model doesn't have separate taxAmount…
    [90m176|[39m       // The totalAmount should reflect the final amount after tax and…
    [90m177|[39m       [34mexpect[39m(result[33m.[39mpurchaseOrder[33m.[39mtotalAmount)[33m.[39m[34mtoBe[39m([34m1078.0[39m)[33m;[39m
    [90m   |[39m                                                [31m^[39m
    [90m178|[39m       // Note: The service doesn't seem to calculate taxAmount or disc…
    [90m179|[39m     })[33m;[39m

[31m[2m⎯⎯⎯⎯⎯⎯⎯⎯⎯⎯⎯⎯⎯⎯⎯⎯⎯⎯⎯⎯⎯⎯[22/45]⎯[22m[39m

[41m[1m FAIL [22m[49m tests/purchaseService.test.ts[2m > [22mPurchase Service[2m > [22mcreatePurchase[2m > [22mshould throw error for negative unit cost
[31m[1mAssertionError[22m: expected [Function] to throw error including 'Unit cost must be positive' but got 'Unit price must be positive for each …'[39m

Expected: [32m"Unit [7mcost[27m must be positive"[39m
Received: [31m"Unit [7mprice[27m must be positive[7m for each item[27m"[39m

[36m [2m❯[22m tests/purchaseService.test.ts:[2m329:8[22m[39m
    [90m327|[39m           ]
    [90m328|[39m         })
    [90m329|[39m       )[33m.[39mrejects[33m.[39m[34mtoThrow[39m([32m'Unit cost must be positive'[39m)[33m;[39m
    [90m   |[39m        [31m^[39m
    [90m330|[39m     })[33m;[39m
    [90m331|[39m

[31m[2m⎯⎯⎯⎯⎯⎯⎯⎯⎯⎯⎯⎯⎯⎯⎯⎯⎯⎯⎯⎯⎯⎯[23/45]⎯[22m[39m

[41m[1m FAIL [22m[49m tests/purchaseService.test.ts[2m > [22mPurchase Service[2m > [22mcreatePurchase[2m > [22mshould throw error for zero unit cost
[31m[1mAssertionError[22m: expected [Function] to throw error including 'Unit cost must be positive' but got 'Unit price must be positive for each …'[39m

Expected: [32m"Unit [7mcost[27m must be positive"[39m
Received: [31m"Unit [7mprice[27m must be positive[7m for each item[27m"[39m

[36m [2m❯[22m tests/purchaseService.test.ts:[2m347:8[22m[39m
    [90m345|[39m           ]
    [90m346|[39m         })
    [90m347|[39m       )[33m.[39mrejects[33m.[39m[34mtoThrow[39m([32m'Unit cost must be positive'[39m)[33m;[39m
    [90m   |[39m        [31m^[39m
    [90m348|[39m     })[33m;[39m
    [90m349|[39m   })[33m;[39m

[31m[2m⎯⎯⎯⎯⎯⎯⎯⎯⎯⎯⎯⎯⎯⎯⎯⎯⎯⎯⎯⎯⎯⎯[24/45]⎯[22m[39m

[41m[1m FAIL [22m[49m tests/purchaseService.test.ts[2m > [22mPurchase Service[2m > [22mlistPurchaseOrders[2m > [22mshould throw error for non-existent supplier
[31m[1mAssertionError[22m: promise resolved "{ purchaseOrders: [], …(1) }" instead of rejecting[39m

[32m- Expected[39m
[31m+ Received[39m

[32m- Error {[39m
[32m-   "message": "rejected promise",[39m
[31m+ {[39m
[31m+   "pagination": {[39m
[31m+     "limit": 10,[39m
[31m+     "page": 1,[39m
[31m+     "total": 0,[39m
[31m+     "totalPages": 0,[39m
[31m+   },[39m
[31m+   "purchaseOrders": [],[39m
[2m  }[22m

[36m [2m❯[22m tests/purchaseService.test.ts:[2m476:8[22m[39m
    [90m474|[39m           supplierId[33m:[39m [32m'non-existent-id'[39m
    [90m475|[39m         })
    [90m476|[39m       )[33m.[39mrejects[33m.[39m[34mtoThrow[39m([32m'Supplier not found'[39m)[33m;[39m
    [90m   |[39m        [31m^[39m
    [90m477|[39m     })[33m;[39m
    [90m478|[39m   })[33m;[39m

[31m[2m⎯⎯⎯⎯⎯⎯⎯⎯⎯⎯⎯⎯⎯⎯⎯⎯⎯⎯⎯⎯⎯⎯[25/45]⎯[22m[39m

[41m[1m FAIL [22m[49m tests/purchaseService.test.ts[2m > [22mPurchase Service[2m > [22mshould throw error for non-existent purchase
[31m[1mTypeError[22m: PurchaseService.completePurchase is not a function[39m
[36m [2m❯[22m tests/purchaseService.test.ts:[2m510:25[22m[39m
    [90m508|[39m     [34mit[39m([32m'should throw error for non-existent purchase'[39m[33m,[39m [35masync[39m () [33m=>[39m {
    [90m509|[39m       [35mawait[39m [34mexpect[39m(
    [90m510|[39m         [33mPurchaseService[39m[33m.[39m[34mcompletePurchase[39m([32m'non-existent-id'[39m)
    [90m   |[39m                         [31m^[39m
    [90m511|[39m       )[33m.[39mrejects[33m.[39m[34mtoThrow[39m([32m'Purchase not found'[39m)[33m;[39m
    [90m512|[39m     })[33m;[39m

[31m[2m⎯⎯⎯⎯⎯⎯⎯⎯⎯⎯⎯⎯⎯⎯⎯⎯⎯⎯⎯⎯⎯⎯[26/45]⎯[22m[39m

[41m[1m FAIL [22m[49m tests/purchaseService.test.ts[2m > [22mPurchase Service[2m > [22mshould throw error for already completed purchase
[31m[1mTypeError[22m: PurchaseService.createPurchase is not a function[39m
[36m [2m❯[22m tests/purchaseService.test.ts:[2m516:55[22m[39m
    [90m514|[39m     it('should throw error for already completed purchase', async () =…
    [90m515|[39m       [90m// Create and complete a purchase[39m
    [90m516|[39m       [35mconst[39m completedPurchase [33m=[39m [35mawait[39m [33mPurchaseService[39m[33m.[39m[34mcreatePurchase[39m({
    [90m   |[39m                                                       [31m^[39m
    [90m517|[39m         supplierId[33m:[39m testSupplier[33m.[39mid[33m,[39m
    [90m518|[39m         items[33m:[39m [

[31m[2m⎯⎯⎯⎯⎯⎯⎯⎯⎯⎯⎯⎯⎯⎯⎯⎯⎯⎯⎯⎯⎯⎯[27/45]⎯[22m[39m

[41m[1m FAIL [22m[49m tests/purchaseService.test.ts[2m > [22mPurchase Service[2m > [22mshould throw error for cancelled purchase
[31m[1mTypeError[22m: PurchaseService.createPurchase is not a function[39m
[36m [2m❯[22m tests/purchaseService.test.ts:[2m539:55[22m[39m
    [90m537|[39m     [34mit[39m([32m'should throw error for cancelled purchase'[39m[33m,[39m [35masync[39m () [33m=>[39m {
    [90m538|[39m       [90m// Create a purchase and cancel it[39m
    [90m539|[39m       [35mconst[39m cancelledPurchase [33m=[39m [35mawait[39m [33mPurchaseService[39m[33m.[39m[34mcreatePurchase[39m({
    [90m   |[39m                                                       [31m^[39m
    [90m540|[39m         supplierId[33m:[39m testSupplier[33m.[39mid[33m,[39m
    [90m541|[39m         items[33m:[39m [

[31m[2m⎯⎯⎯⎯⎯⎯⎯⎯⎯⎯⎯⎯⎯⎯⎯⎯⎯⎯⎯⎯⎯⎯[28/45]⎯[22m[39m

[41m[1m FAIL [22m[49m tests/saleService.test.ts[2m > [22mSale Service[2m > [22mcreateSale[2m > [22mshould create a valid sale
[31m[1mAssertionError[22m: expected 30 to be 30 // Object.is equality[39m

[32m- Expected:[39m
30

[31m+ Received:[39m
Decimal2 {
  "constructor": [Function Decimal2],
  "d": [
    30,
  ],
  "e": 1,
  "s": 1,
}

[36m [2m❯[22m tests/saleService.test.ts:[2m94:29[22m[39m
    [90m 92|[39m       [34mexpect[39m(sale[33m.[39mcustomerId)[33m.[39m[34mtoBe[39m(testCustomer[33m.[39mid)[33m;[39m
    [90m 93|[39m       [34mexpect[39m(sale[33m.[39mstatus)[33m.[39m[34mtoBe[39m([32m'PENDING'[39m)[33m;[39m
    [90m 94|[39m       [34mexpect[39m(sale[33m.[39msubtotal)[33m.[39m[34mtoBe[39m([34m30.0[39m)[33m;[39m [90m// 2 * 15.0[39m
    [90m   |[39m                             [31m^[39m
    [90m 95|[39m       expect(sale.totalAmount).toBe(30.0); // No tax/discount in this …
    [90m 96|[39m       [34mexpect[39m(sale[33m.[39mdiscountAmount)[33m.[39m[34mtoBe[39m([34m0[39m)[33m;[39m

[31m[2m⎯⎯⎯⎯⎯⎯⎯⎯⎯⎯⎯⎯⎯⎯⎯⎯⎯⎯⎯⎯⎯⎯[29/45]⎯[22m[39m

[41m[1m FAIL [22m[49m tests/saleService.test.ts[2m > [22mSale Service[2m > [22mcreateSale[2m > [22mshould calculate tax correctly
[31m[1mAssertionError[22m: expected 15 to be 100 // Object.is equality[39m

[32m- Expected:[39m
100

[31m+ Received:[39m
Decimal2 {
  "constructor": [Function Decimal2],
  "d": [
    15,
  ],
  "e": 1,
  "s": 1,
}

[36m [2m❯[22m tests/saleService.test.ts:[2m149:29[22m[39m
    [90m147|[39m
    [90m148|[39m       [34mexpect[39m(sale)[33m.[39m[34mtoBeDefined[39m()[33m;[39m
    [90m149|[39m       [34mexpect[39m(sale[33m.[39msubtotal)[33m.[39m[34mtoBe[39m([34m100.0[39m)[33m;[39m
    [90m   |[39m                             [31m^[39m
    [90m150|[39m       [90m// Service doesn't calculate taxAmount, so we don't expect it[39m
    [90m151|[39m       expect(sale.totalAmount).toBe(100.0); // subtotal - discount (0)…

[31m[2m⎯⎯⎯⎯⎯⎯⎯⎯⎯⎯⎯⎯⎯⎯⎯⎯⎯⎯⎯⎯⎯⎯[30/45]⎯[22m[39m

[41m[1m FAIL [22m[49m tests/saleService.test.ts[2m > [22mSale Service[2m > [22mcreateSale[2m > [22mshould calculate discount correctly
[31m[1mAssertionError[22m: expected 15 to be 100 // Object.is equality[39m

[32m- Expected:[39m
100

[31m+ Received:[39m
Decimal2 {
  "constructor": [Function Decimal2],
  "d": [
    15,
  ],
  "e": 1,
  "s": 1,
}

[36m [2m❯[22m tests/saleService.test.ts:[2m175:29[22m[39m
    [90m173|[39m
    [90m174|[39m       [34mexpect[39m(sale)[33m.[39m[34mtoBeDefined[39m()[33m;[39m
    [90m175|[39m       [34mexpect[39m(sale[33m.[39msubtotal)[33m.[39m[34mtoBe[39m([34m100.0[39m)[33m;[39m
    [90m   |[39m                             [31m^[39m
    [90m176|[39m       [34mexpect[39m(sale[33m.[39mdiscountAmount)[33m.[39m[34mtoBe[39m([34m15.0[39m)[33m;[39m
    [90m177|[39m       [34mexpect[39m(sale[33m.[39mtotalAmount)[33m.[39m[34mtoBe[39m([34m85.0[39m)[33m;[39m [90m// 100 - 15[39m

[31m[2m⎯⎯⎯⎯⎯⎯⎯⎯⎯⎯⎯⎯⎯⎯⎯⎯⎯⎯⎯⎯⎯⎯[31/45]⎯[22m[39m

[41m[1m FAIL [22m[49m tests/saleService.test.ts[2m > [22mSale Service[2m > [22mcreateSale[2m > [22mshould handle both tax and discount
[31m[1mAssertionError[22m: expected 15 to be 100 // Object.is equality[39m

[32m- Expected:[39m
100

[31m+ Received:[39m
Decimal2 {
  "constructor": [Function Decimal2],
  "d": [
    15,
  ],
  "e": 1,
  "s": 1,
}

[36m [2m❯[22m tests/saleService.test.ts:[2m202:29[22m[39m
    [90m200|[39m
    [90m201|[39m       [34mexpect[39m(sale)[33m.[39m[34mtoBeDefined[39m()[33m;[39m
    [90m202|[39m       [34mexpect[39m(sale[33m.[39msubtotal)[33m.[39m[34mtoBe[39m([34m100.0[39m)[33m;[39m
    [90m   |[39m                             [31m^[39m
    [90m203|[39m       [34mexpect[39m(sale[33m.[39mdiscountAmount)[33m.[39m[34mtoBe[39m([34m10.0[39m)[33m;[39m
    [90m204|[39m       // Service doesn't calculate tax, so total is just subtotal - di…

[31m[2m⎯⎯⎯⎯⎯⎯⎯⎯⎯⎯⎯⎯⎯⎯⎯⎯⎯⎯⎯⎯⎯⎯[32/45]⎯[22m[39m

[41m[1m FAIL [22m[49m tests/saleService.test.ts[2m > [22mSale Service[2m > [22mcreateSale[2m > [22mshould throw error for insufficient stock
[31m[1mAssertionError[22m: promise resolved "{ sale: { …(14) }, …(2) }" instead of rejecting[39m

[32m- Expected[39m
[31m+ Received[39m

[32m- Error {[39m
[32m-   "message": "rejected promise",[39m
[31m+ {[39m
[31m+   "calculatedTotals": {[39m
[31m+     "discountAmount": 0,[39m
[31m+     "subtotal": 2250,[39m
[31m+     "totalAmount": 2250,[39m
[31m+   },[39m
[31m+   "sale": {[39m
[31m+     "cashSessionId": "9a88d3fc-c475-4769-8b48-295549d1eb9d",[39m
[31m+     "changeAmount": "0",[39m
[31m+     "createdAt": 2026-08-10T22:26:28.930Z,[39m
[31m+     "createdById": "5a4c7c8b-ce5f-431a-84cf-7a7b3a00b369",[39m
[31m+     "customerId": "675da58e-0271-4f3b-a42b-eff3e44edb71",[39m
[31m+     "discountAmount": "0",[39m
[31m+     "id": "c8fbf2ab-7916-4d21-a795-2e57f8347f3a",[39m
[31m+     "notes": null,[39m
[31m+     "paidAmount": "0",[39m
[31m+     "saleNumber": "SALE-788930",[39m
[31m+     "status": "PENDING",[39m
[31m+     "subtotal": "2250",[39m
[31m+     "totalAmount": "2250",[39m
[31m+     "updatedAt": 2026-08-10T22:26:28.930Z,[39m
[31m+   },[39m
[31m+   "saleItems": [[39m
[31m+     {[39m
[31m+       "createdAt": 2026-08-10T22:26:28.933Z,[39m
[31m+       "discountAmount": "0",[39m
[31m+       "id": "883f9e26-7539-4f99-a9cf-dff4fdf4c8eb",[39m
[31m+       "productId": "82ed65a0-2c5e-4de5-b22e-6a4e3df8af08",[39m
[31m+       "quantity": 150,[39m
[31m+       "saleId": "c8fbf2ab-7916-4d21-a795-2e57f8347f3a",[39m
[31m+       "totalAmount": "2250",[39m
[31m+       "unitPrice": "15",[39m
[31m+     },[39m
[31m+   ],[39m
[2m  }[22m

[36m [2m❯[22m tests/saleService.test.ts:[2m309:8[22m[39m
    [90m307|[39m             createdById[33m:[39m adminUser[33m.[39mid
    [90m308|[39m         })
    [90m309|[39m       )[33m.[39mrejects[33m.[39m[34mtoThrow[39m([36m/Insufficient stock/[39m)[33m;[39m
    [90m   |[39m        [31m^[39m
    [90m310|[39m     })[33m;[39m
    [90m311|[39m

[31m[2m⎯⎯⎯⎯⎯⎯⎯⎯⎯⎯⎯⎯⎯⎯⎯⎯⎯⎯⎯⎯⎯⎯[33/45]⎯[22m[39m

[41m[1m FAIL [22m[49m tests/saleService.test.ts[2m > [22mSale Service[2m > [22mcreateSale[2m > [22mshould throw error for invalid payment method
[31m[1mAssertionError[22m: promise resolved "{ sale: { …(14) }, …(2) }" instead of rejecting[39m

[32m- Expected[39m
[31m+ Received[39m

[32m- Error {[39m
[32m-   "message": "rejected promise",[39m
[31m+ {[39m
[31m+   "calculatedTotals": {[39m
[31m+     "discountAmount": 0,[39m
[31m+     "subtotal": 15,[39m
[31m+     "totalAmount": 15,[39m
[31m+   },[39m
[31m+   "sale": {[39m
[31m+     "cashSessionId": "74902aad-a4a8-4f88-9aaf-db6677b6757e",[39m
[31m+     "changeAmount": "0",[39m
[31m+     "createdAt": 2026-08-10T22:26:32.206Z,[39m
[31m+     "createdById": "8e0565fd-5225-4ebd-8daa-120982fb7ca9",[39m
[31m+     "customerId": "ecca8613-5bda-46a6-9142-6f7ade3a8dc4",[39m
[31m+     "discountAmount": "0",[39m
[31m+     "id": "2c45270f-3999-4eda-8d44-a2ecbbc4304a",[39m
[31m+     "notes": null,[39m
[31m+     "paidAmount": "0",[39m
[31m+     "saleNumber": "SALE-792206",[39m
[31m+     "status": "PENDING",[39m
[31m+     "subtotal": "15",[39m
[31m+     "totalAmount": "15",[39m
[31m+     "updatedAt": 2026-08-10T22:26:32.206Z,[39m
[31m+   },[39m
[31m+   "saleItems": [[39m
[31m+     {[39m
[31m+       "createdAt": 2026-08-10T22:26:32.208Z,[39m
[31m+       "discountAmount": "0",[39m
[31m+       "id": "6e5c8e0c-5572-4912-aad5-ee23067192cf",[39m
[31m+       "productId": "0bcc48e2-ca7e-4fba-9561-de5c5461af46",[39m
[31m+       "quantity": 1,[39m
[31m+       "saleId": "2c45270f-3999-4eda-8d44-a2ecbbc4304a",[39m
[31m+       "totalAmount": "15",[39m
[31m+       "unitPrice": "15",[39m
[31m+     },[39m
[31m+   ],[39m
[2m  }[22m

[36m [2m❯[22m tests/saleService.test.ts:[2m327:8[22m[39m
    [90m325|[39m           createdById[33m:[39m adminUser[33m.[39mid
    [90m326|[39m         })
    [90m327|[39m       )[33m.[39mrejects[33m.[39m[34mtoThrow[39m([32m'Invalid payment method'[39m)[33m;[39m
    [90m   |[39m        [31m^[39m
    [90m328|[39m     })[33m;[39m
    [90m329|[39m

[31m[2m⎯⎯⎯⎯⎯⎯⎯⎯⎯⎯⎯⎯⎯⎯⎯⎯⎯⎯⎯⎯⎯⎯[34/45]⎯[22m[39m

[41m[1m FAIL [22m[49m tests/saleService.test.ts[2m > [22mSale Service[2m > [22mcreateSale[2m > [22mshould throw error for empty customer ID
[31m[1mAssertionError[22m: expected [Function] to throw error including 'Customer ID is required' but got '\nInvalid `tx.sale.create()` invocati…'[39m

[32m- Expected[39m
[31m+ Received[39m

[32m- Customer ID is required[39m
[31m+[39m
[31m+ Invalid `tx.sale.create()` invocation in[39m
[31m+ C:/Users/silva/OneDrive/git github felipe/SistemaEstoqueSite/src/services/saleService.ts:127:34[39m
[31m+[39m
[31m+   124 const saleNumber = `SALE-${Date.now().toString().slice(-6)}`[39m
[31m+   125 [39m
[31m+   126 // Create the sale[39m
[31m+ → 127 const sale = await tx.sale.create([39m
[31m+ Foreign key constraint violated on the foreign key[39m

[36m [2m❯[22m tests/saleService.test.ts:[2m345:8[22m[39m
    [90m343|[39m           createdById[33m:[39m adminUser[33m.[39mid
    [90m344|[39m         })
    [90m345|[39m       )[33m.[39mrejects[33m.[39m[34mtoThrow[39m([32m'Customer ID is required'[39m)[33m;[39m
    [90m   |[39m        [31m^[39m
    [90m346|[39m     })[33m;[39m
    [90m347|[39m

[31m[2m⎯⎯⎯⎯⎯⎯⎯⎯⎯⎯⎯⎯⎯⎯⎯⎯⎯⎯⎯⎯⎯⎯[35/45]⎯[22m[39m

[41m[1m FAIL [22m[49m tests/saleService.test.ts[2m > [22mSale Service[2m > [22mcreateSale[2m > [22mshould throw error for empty items array
[31m[1mAssertionError[22m: expected [Function] to throw error including 'At least one item is required' but got 'Sale must have at least one item'[39m

Expected: [32m"[7mA[27mt least one item[7m is required[27m"[39m
Received: [31m"[7mSale must have a[27mt least one item"[39m

[36m [2m❯[22m tests/saleService.test.ts:[2m357:8[22m[39m
    [90m355|[39m           createdById[33m:[39m adminUser[33m.[39mid
    [90m356|[39m         })
    [90m357|[39m       )[33m.[39mrejects[33m.[39m[34mtoThrow[39m([32m'At least one item is required'[39m)[33m;[39m
    [90m   |[39m        [31m^[39m
    [90m358|[39m     })[33m;[39m
    [90m359|[39m

[31m[2m⎯⎯⎯⎯⎯⎯⎯⎯⎯⎯⎯⎯⎯⎯⎯⎯⎯⎯⎯⎯⎯⎯[36/45]⎯[22m[39m

[41m[1m FAIL [22m[49m tests/saleService.test.ts[2m > [22mSale Service[2m > [22mgetSaleById[2m > [22mshould return sale by valid ID
[31m[1mAssertionError[22m: expected 30 to be 30 // Object.is equality[39m

[32m- Expected:[39m
30

[31m+ Received:[39m
Decimal2 {
  "constructor": [Function Decimal2],
  "d": [
    30,
  ],
  "e": 1,
  "s": 1,
}

[36m [2m❯[22m tests/saleService.test.ts:[2m422:29[22m[39m
    [90m420|[39m       [34mexpect[39m(sale[33m.[39msaleNumber)[33m.[39m[34mtoBe[39m(createdSale[33m.[39msaleNumber)[33m;[39m
    [90m421|[39m       [34mexpect[39m(sale[33m.[39mcustomerId)[33m.[39m[34mtoBe[39m(testCustomer[33m.[39mid)[33m;[39m
    [90m422|[39m       [34mexpect[39m(sale[33m.[39msubtotal)[33m.[39m[34mtoBe[39m([34m30.0[39m)[33m;[39m
    [90m   |[39m                             [31m^[39m
    [90m423|[39m       [34mexpect[39m(sale[33m.[39mtotalAmount)[33m.[39m[34mtoBe[39m([34m30.0[39m)[33m;[39m
    [90m424|[39m     })[33m;[39m

[31m[2m⎯⎯⎯⎯⎯⎯⎯⎯⎯⎯⎯⎯⎯⎯⎯⎯⎯⎯⎯⎯⎯⎯[37/45]⎯[22m[39m

[41m[1m FAIL [22m[49m tests/saleService.test.ts[2m > [22mSale Service[2m > [22mcompleteSale[2m > [22mshould complete a pending sale correctly
[31m[1mAssertionError[22m: expected undefined to be '677b7dce-3176-4943-b1b9-96f48d8cdce1' // Object.is equality[39m

[32m- Expected:[39m
"677b7dce-3176-4943-b1b9-96f48d8cdce1"

[31m+ Received:[39m
undefined

[36m [2m❯[22m tests/saleService.test.ts:[2m635:32[22m[39m
    [90m633|[39m
    [90m634|[39m       [34mexpect[39m(completedSale)[33m.[39m[34mtoBeDefined[39m()[33m;[39m
    [90m635|[39m       [34mexpect[39m(completedSale[33m.[39mid)[33m.[39m[34mtoBe[39m(pendingSale[33m.[39mid)[33m;[39m
    [90m   |[39m                                [31m^[39m
    [90m636|[39m       [34mexpect[39m(completedSale[33m.[39mstatus)[33m.[39m[34mtoBe[39m([32m'COMPLETED'[39m)[33m;[39m
    [90m637|[39m       expect(completedSale.updatedAt).toBeDefined(); // Using updatedA…

[31m[2m⎯⎯⎯⎯⎯⎯⎯⎯⎯⎯⎯⎯⎯⎯⎯⎯⎯⎯⎯⎯⎯⎯[38/45]⎯[22m[39m

[41m[1m FAIL [22m[49m tests/saleService.test.ts[2m > [22mSale Service[2m > [22mcompleteSale[2m > [22mshould throw error for already completed sale
[31m[1mAssertionError[22m: expected [Function] to throw error including 'Sale is already completed' but got 'Only pending sales can be completed'[39m

Expected: [32m"[7mSale is already[27m completed"[39m
Received: [31m"[7mOnly pending sales can be[27m completed"[39m

[36m [2m❯[22m tests/saleService.test.ts:[2m693:8[22m[39m
    [90m691|[39m           processedById[33m:[39m adminUser[33m.[39mid
    [90m692|[39m         })
    [90m693|[39m       )[33m.[39mrejects[33m.[39m[34mtoThrow[39m([32m'Sale is already completed'[39m)[33m;[39m
    [90m   |[39m        [31m^[39m
    [90m694|[39m     })[33m;[39m
    [90m695|[39m

[31m[2m⎯⎯⎯⎯⎯⎯⎯⎯⎯⎯⎯⎯⎯⎯⎯⎯⎯⎯⎯⎯⎯⎯[39/45]⎯[22m[39m

[41m[1m FAIL [22m[49m tests/saleService.test.ts[2m > [22mSale Service[2m > [22mcompleteSale[2m > [22mshould throw error for cancelled sale
[31m[1mAssertionError[22m: expected [Function] to throw error including 'Cannot complete a cancelled sale' but got 'Only pending sales can be completed'[39m

Expected: [32m"Cannot complete a cancelled sale"[39m
Received: [31m"Only pending sales can be completed"[39m

[36m [2m❯[22m tests/saleService.test.ts:[2m722:8[22m[39m
    [90m720|[39m           processedById[33m:[39m adminUser[33m.[39mid
    [90m721|[39m         })
    [90m722|[39m       )[33m.[39mrejects[33m.[39m[34mtoThrow[39m([32m'Cannot complete a cancelled sale'[39m)[33m;[39m
    [90m   |[39m        [31m^[39m
    [90m723|[39m     })[33m;[39m
    [90m724|[39m   })[33m;[39m

[31m[2m⎯⎯⎯⎯⎯⎯⎯⎯⎯⎯⎯⎯⎯⎯⎯⎯⎯⎯⎯⎯⎯⎯[40/45]⎯[22m[39m

[41m[1m FAIL [22m[49m tests/saleService.test.ts[2m > [22mSale Service[2m > [22mcancelSale[2m > [22mshould cancel a pending sale correctly
[31m[1mAssertionError[22m: expected undefined to be 'CANCELLED' // Object.is equality[39m

[32m- Expected:[39m
"CANCELLED"

[31m+ Received:[39m
undefined

[36m [2m❯[22m tests/saleService.test.ts:[2m762:35[22m[39m
    [90m760|[39m         where[33m:[39m { saleId[33m:[39m cancelledSale[33m.[39mid }
    [90m761|[39m       })[33m;[39m
    [90m762|[39m       [34mexpect[39m(saleItems[[34m0[39m][33m.[39mstatus)[33m.[39m[34mtoBe[39m([32m'CANCELLED'[39m)[33m;[39m
    [90m   |[39m                                   [31m^[39m
    [90m763|[39m
    [90m764|[39m       [90m// Verify payment is marked as cancelled[39m

[31m[2m⎯⎯⎯⎯⎯⎯⎯⎯⎯⎯⎯⎯⎯⎯⎯⎯⎯⎯⎯⎯⎯⎯[41/45]⎯[22m[39m

[41m[1m FAIL [22m[49m tests/saleService.test.ts[2m > [22mSale Service[2m > [22mcancelSale[2m > [22mshould throw error for already completed sale
[31m[1mAssertionError[22m: expected [Function] to throw error including 'Cannot cancel a completed sale' but got 'Only pending sales can be cancelled'[39m

Expected: [32m"[7mCannot cancel a completed sa[27mle"[39m
Received: [31m"[7mOnly pending sales can be cancel[27mle[7md[27m"[39m

[36m [2m❯[22m tests/saleService.test.ts:[2m803:8[22m[39m
    [90m801|[39m       [35mawait[39m [34mexpect[39m(
    [90m802|[39m         [33mSaleService[39m[33m.[39m[34mcancelSale[39m(completedSale[33m.[39mid)
    [90m803|[39m       )[33m.[39mrejects[33m.[39m[34mtoThrow[39m([32m'Cannot cancel a completed sale'[39m)[33m;[39m
    [90m   |[39m        [31m^[39m
    [90m804|[39m     })[33m;[39m
    [90m805|[39m

[31m[2m⎯⎯⎯⎯⎯⎯⎯⎯⎯⎯⎯⎯⎯⎯⎯⎯⎯⎯⎯⎯⎯⎯[42/45]⎯[22m[39m

[41m[1m FAIL [22m[49m tests/saleService.test.ts[2m > [22mSale Service[2m > [22mcancelSale[2m > [22mshould throw error for already cancelled sale
[31m[1mAssertionError[22m: expected [Function] to throw error including 'Sale is already cancelled' but got 'Only pending sales can be cancelled'[39m

Expected: [32m"[7mSale is already[27m cancelled"[39m
Received: [31m"[7mOnly pending sales can be[27m cancelled"[39m

[36m [2m❯[22m tests/saleService.test.ts:[2m828:8[22m[39m
    [90m826|[39m       [35mawait[39m [34mexpect[39m(
    [90m827|[39m         [33mSaleService[39m[33m.[39m[34mcancelSale[39m(cancelledSale[33m.[39mid)
    [90m828|[39m       )[33m.[39mrejects[33m.[39m[34mtoThrow[39m([32m'Sale is already cancelled'[39m)[33m;[39m
    [90m   |[39m        [31m^[39m
    [90m829|[39m     })[33m;[39m
    [90m830|[39m   })[33m;[39m

[31m[2m⎯⎯⎯⎯⎯⎯⎯⎯⎯⎯⎯⎯⎯⎯⎯⎯⎯⎯⎯⎯⎯⎯[43/45]⎯[22m[39m

[41m[1m FAIL [22m[49m tests/saleService.test.ts[2m > [22mSale Service[2m > [22mrefundSale[2m > [22mshould refund a completed sale correctly
[31m[1mPrismaClientKnownRequestError[22m: 
Invalid `tx.salePayment.create()` invocation in
C:/Users/silva/OneDrive/git github felipe/SistemaEstoqueSite/src/services/saleService.ts:690:48

  687 
  688 // 6. Criar SalePayment REFUNDED (ou atualizar o existente?)
  689 // Vamos criar um novo pagamento de reembolso
→ 690 const salePayment = await tx.salePayment.create(
Foreign key constraint violated on the foreign key[39m
[90m [2m❯[22m Jr.handleRequestError node_modules/@prisma/client/src/runtime/RequestHandler.ts:[2m237:12[22m[39m
[90m [2m❯[22m Jr.handleAndLogRequestError node_modules/@prisma/client/src/runtime/RequestHandler.ts:[2m183:11[22m[39m
[90m [2m❯[22m Jr.request node_modules/@prisma/client/src/runtime/RequestHandler.ts:[2m152:11[22m[39m
[90m [2m❯[22m a node_modules/@prisma/client/src/runtime/getPrismaClient.ts:[2m1014:23[22m[39m
[36m [2m❯[22m src/services/saleService.ts:[2m690:27[22m[39m
    [90m688|[39m       [90m// 6. Criar SalePayment REFUNDED (ou atualizar o existente?)[39m
    [90m689|[39m       [90m// Vamos criar um novo pagamento de reembolso[39m
    [90m690|[39m       [35mconst[39m salePayment [33m=[39m [35mawait[39m tx[33m.[39msalePayment[33m.[39m[34mcreate[39m({
    [90m   |[39m                           [31m^[39m
    [90m691|[39m         data[33m:[39m {
    [90m692|[39m           saleId[33m:[39m sale[33m.[39mid[33m,[39m
[90m [2m❯[22m Proxy._transactionWithCallback node_modules/@prisma/client/src/runtime/getPrismaClient.ts:[2m861:17[22m[39m
[90m [2m❯[22m tests/saleService.test.ts:[2m857:28[22m[39m

[31m[2m⎯⎯⎯⎯⎯⎯⎯⎯⎯⎯⎯⎯⎯⎯⎯⎯⎯⎯⎯⎯⎯⎯[44/45]⎯[22m[39m

[41m[1m FAIL [22m[49m tests/saleService.test.ts[2m > [22mSale Service[2m > [22mrefundSale[2m > [22mshould throw error for already refunded sale
[31m[1mPrismaClientKnownRequestError[22m: 
Invalid `tx.salePayment.create()` invocation in
C:/Users/silva/OneDrive/git github felipe/SistemaEstoqueSite/src/services/saleService.ts:690:48

  687 
  688 // 6. Criar SalePayment REFUNDED (ou atualizar o existente?)
  689 // Vamos criar um novo pagamento de reembolso
→ 690 const salePayment = await tx.salePayment.create(
Foreign key constraint violated on the foreign key[39m
[90m [2m❯[22m Jr.handleRequestError node_modules/@prisma/client/src/runtime/RequestHandler.ts:[2m237:12[22m[39m
[90m [2m❯[22m Jr.handleAndLogRequestError node_modules/@prisma/client/src/runtime/RequestHandler.ts:[2m183:11[22m[39m
[90m [2m❯[22m Jr.request node_modules/@prisma/client/src/runtime/RequestHandler.ts:[2m152:11[22m[39m
[90m [2m❯[22m a node_modules/@prisma/client/src/runtime/getPrismaClient.ts:[2m1014:23[22m[39m
[36m [2m❯[22m src/services/saleService.ts:[2m690:27[22m[39m
    [90m688|[39m       [90m// 6. Criar SalePayment REFUNDED (ou atualizar o existente?)[39m
    [90m689|[39m       [90m// Vamos criar um novo pagamento de reembolso[39m
    [90m690|[39m       [35mconst[39m salePayment [33m=[39m [35mawait[39m tx[33m.[39msalePayment[33m.[39m[34mcreate[39m({
    [90m   |[39m                           [31m^[39m
    [90m691|[39m         data[33m:[39m {
    [90m692|[39m           saleId[33m:[39m sale[33m.[39mid[33m,[39m
[90m [2m❯[22m Proxy._transactionWithCallback node_modules/@prisma/client/src/runtime/getPrismaClient.ts:[2m861:17[22m[39m
[90m [2m❯[22m tests/saleService.test.ts:[2m935:7[22m[39m

[31m[2m⎯⎯⎯⎯⎯⎯⎯⎯⎯⎯⎯⎯⎯⎯⎯⎯⎯⎯⎯⎯⎯⎯[45/45]⎯[22m[39m


[2m Test Files [22m [1m[31m4 failed[39m[22m[2m | [22m[1m[32m7 passed[39m[22m[90m (11)[39m
[2m      Tests [22m [1m[31m44 failed[39m[22m[2m | [22m[1m[32m135 passed[39m[22m[2m | [22m[33m12 skipped[39m[90m (191)[39m
[2m   Start at [22m 19:26:01
[2m   Duration [22m 370.00s[2m (transform 442ms, setup 0ms, import 2.58s, tests 363.27s, environment 2ms)[22m

